******************************************************************************
                  TI ARM Linker PC v20.2.0                     
******************************************************************************
>> Linked Fri Jan  2 08:54:47 2026

OUTPUT FILE NAME:   <F25_Proj2.out>
ENTRY POINT SYMBOL: "_c_int00_noargs"  address: 00006539


MEMORY CONFIGURATION

         name            origin    length      used     unused   attr    fill
----------------------  --------  ---------  --------  --------  ----  --------
  MAIN                  00000000   00040000  00007278  00038d88  R  X
  INFO                  00200000   00004000  00000000  00004000  R  X
  SRAM_CODE             01000000   00010000  00000226  0000fdda  RW X
  SRAM_DATA             20000000   00010000  00000226  0000fdda  RW  


SEGMENT ALLOCATION MAP

run origin  load origin   length   init length attrs members
----------  ----------- ---------- ----------- ----- -------
00000000    00000000    00007278   00007278    r-x
  00000000    00000000    000000e4   000000e4    r-- .intvecs
  000000e4    000000e4    00006b80   00006b80    r-x .text
  00006c64    00006c64    000005dc   000005dc    r-- .const
  00007240    00007240    00000038   00000038    r-- .cinit
20000000    20000000    00000026   00000000    rw-
  20000000    20000000    0000001c   00000000    rw- .data
  2000001c    2000001c    0000000a   00000000    rw- .bss
2000fe00    2000fe00    00000200   00000000    rw-
  2000fe00    2000fe00    00000200   00000000    rw- .stack


SECTION ALLOCATION MAP

 output                                  attributes/
section   page    origin      length       input sections
--------  ----  ----------  ----------   ----------------
.intvecs   0    00000000    000000e4     
                  00000000    000000e4     startup_msp432p401r_ccs.obj (.intvecs:retain)

.text      0    000000e4    00006b80     
                  000000e4    00000a4e     rtsv7M4_T_le_v4SPD16_eabi.lib : _printfi.c.obj (.text:__TI_printfi)
                  00000b32    0000047e     grlib.a : string.obj (.text:Graphics_drawString)
                  00000fb0    00000270     rtsv7M4_T_le_v4SPD16_eabi.lib : _printfi.c.obj (.text:_pconv_a)
                  00001220    00000238     proj2_main.obj (.text:enemy_horizontal_both_sides)
                  00001458    00000234     proj2_main.obj (.text:enemy_horizontal_left)
                  0000168c    00000234     proj2_main.obj (.text:enemy_horizontal_right)
                  000018c0    0000022a     grlib.a : circle.obj (.text:Graphics_fillCircle)
                  00001aea    000001d8     Crystalfontz128x128_ST7735.obj (.text:Crystalfontz128x128_PixelDrawMultiple)
                  00001cc2    00000002     startup_msp432p401r_ccs.obj (.text:Default_Handler)
                  00001cc4    000001d0     rtsv7M4_T_le_v4SPD16_eabi.lib : _printfi.c.obj (.text:_pconv_g)
                  00001e94    000001ba     proj2_main.obj (.text:enemy_diagonal)
                  0000204e    000001b6     rtsv7M4_T_le_v4SPD16_eabi.lib : fd_add_t2.asm.obj (.text)
                  00002204    000001a4     proj2_main.obj (.text:enemy_vertical)
                  000023a8    000001a0     proj2_main.obj (.text:enemy_horizontal)
                  00002548    0000019c     msp432p4xx_driverlib.lib : cs.o (.text:CS_setDCOFrequency)
                  000026e4    00000190     proj2_main.obj (.text:Instruction_Screen)
                  00002874    00000184     proj2_main.obj (.text:Score_Screen)
                  000029f8    00000180     grlib.a : line.obj (.text:Graphics_clipLine)
                  00002b78    00000174             : line.obj (.text:Graphics_drawLine)
                  00002cec    00000160     msp432p4xx_driverlib.lib : adc14.o (.text:_getIndexForMemRegister)
                  00002e4c    00000154     proj2_main.obj (.text:Application_construct)
                  00002fa0    00000150     proj2_main.obj (.text:Home_Screen)
                  000030f0    0000013c     rtsv7M4_T_le_v4SPD16_eabi.lib : _printfi.c.obj (.text:_pconv_e)
                  0000322c    00000136                                   : fd_div_t2.asm.obj (.text)
                  00003362    00000002                                   : div0.asm.obj (.text)
                  00003364    00000134     Crystalfontz128x128_ST7735.obj (.text:Crystalfontz128x128_SetDrawFrame)
                  00003498    00000130     msp432p4xx_driverlib.lib : cs.o (.text:CS_initClockSignal)
                  000035c8    0000012c     Crystalfontz128x128_ST7735.obj (.text:Crystalfontz128x128_Init)
                  000036f4    00000124     rtsv7M4_T_le_v4SPD16_eabi.lib : _printfi.c.obj (.text:fcvt)
                  00003818    00000112     grlib.a : rectangle.obj (.text:Graphics_fillRectangle)
                  0000392a    00000110     proj2_main.obj (.text:enemy_collision_check)
                  00003a3a    00000110     proj2_main.obj (.text:player_collision_check)
                  00003b4a    00000002     --HOLE-- [fill = 0]
                  00003b4c    00000110     rtsv7M4_T_le_v4SPD16_eabi.lib : s_scalbn.c.obj (.text:scalbn)
                  00003c5c    000000fc                                   : fd_mul_t2.asm.obj (.text)
                  00003d58    000000fa     grlib.a : string.obj (.text:Graphics_getStringWidth)
                  00003e52    000000ea     proj2_main.obj (.text:MoveSquare)
                  00003f3c    000000e8     proj2_main.obj (.text:Display_Game)
                  00004024    000000e7     proj2_main.obj (.text:Start_Screen)
                  0000410b    00000001     --HOLE-- [fill = 0]
                  0000410c    000000e6     Button.obj (.text:Button_refresh)
                  000041f2    00000002     --HOLE-- [fill = 0]
                  000041f4    000000e2     proj2_main.obj (.text:Victory_Screen)
                  000042d6    00000002     --HOLE-- [fill = 0]
                  000042d8    000000da     proj2_main.obj (.text:GameOver_Screen)
                  000043b2    000000c0     proj2_main.obj (.text:Application_loop)
                  00004472    000000b8     proj2_main.obj (.text:Main_Menu)
                  0000452a    000000b8     proj2_main.obj (.text:reset_game)
                  000045e2    00000002     --HOLE-- [fill = 0]
                  000045e4    000000b4     msp432p4xx_driverlib.lib : adc14.o (.text:ADC14_configureConversionMemory)
                  00004698    000000b4                              : adc14.o (.text:ADC14_configureMultiSequenceMode)
                  0000474c    000000b1     proj2_main.obj (.text:Game_Pause)
                  000047fd    00000003     --HOLE-- [fill = 0]
                  00004800    000000b1     rtsv7M4_T_le_v4SPD16_eabi.lib : _printfi.c.obj (.text:_ltostr)
                  000048b1    00000001     --HOLE-- [fill = 0]
                  000048b2    000000b0     msp432p4xx_driverlib.lib : spi.o (.text:SPI_initMaster)
                  00004962    000000a6     proj2_main.obj (.text:delete_P1_rockets)
                  00004a08    000000a6     proj2_main.obj (.text:delete_enemy_rockets)
                  00004aae    000000a0     proj2_main.obj (.text:move_enemy)
                  00004b4e    0000009e     HAL.obj (.text:HAL_construct)
                  00004bec    0000009c     Crystalfontz128x128_ST7735.obj (.text:Crystalfontz128x128_RectFill)
                  00004c88    0000009c     grlib.a : line.obj (.text:Graphics_drawLineH)
                  00004d24    0000009c             : line.obj (.text:Graphics_drawLineV)
                  00004dc0    0000009c     rtsv7M4_T_le_v4SPD16_eabi.lib : memcpy_t2.asm.obj (.text)
                  00004e5c    00000096                                   : ull_div_t2.asm.obj (.text)
                  00004ef2    00000094     proj2_main.obj (.text:P1_Rockets_display)
                  00004f86    00000002     --HOLE-- [fill = 0]
                  00004f88    00000094     msp432p4xx_driverlib.lib : sysctl_a.o (.text:SysCtl_A_getTLVInfo)
                  0000501c    00000092     proj2_main.obj (.text:enemy_launch_status)
                  000050ae    0000008a     proj2_main.obj (.text:P1_Rockets)
                  00005138    00000088     msp432p4xx_driverlib.lib : cs.o (.text:CS_tuneDCOFrequency)
                  000051c0    00000088                              : gpio.o (.text:GPIO_setAsPeripheralModuleFunctionInputPin)
                  00005248    00000088                              : gpio.o (.text:GPIO_setAsPeripheralModuleFunctionOutputPin)
                  000052d0    00000086     rtsv7M4_T_le_v4SPD16_eabi.lib : fd_cmp_t2.asm.obj (.text:__aeabi_cdcmple)
                  00005356    00000086                                   : fd_cmp_t2.asm.obj (.text:__aeabi_cdrcmple)
                  000053dc    00000080     msp432p4xx_driverlib.lib : interrupt.o (.text:Interrupt_enableInterrupt)
                  0000545c    00000080     proj2_main.obj (.text:JoystickCheck)
                  000054dc    0000007b     proj2_main.obj (.text:Display_Enemy_HP)
                  00005557    00000001     --HOLE-- [fill = 0]
                  00005558    0000007b     proj2_main.obj (.text:Display_Player_HP)
                  000055d3    00000001     --HOLE-- [fill = 0]
                  000055d4    0000007a     rtsv7M4_T_le_v4SPD16_eabi.lib : memset_t2.asm.obj (.text)
                  0000564e    00000002     --HOLE-- [fill = 0]
                  00005650    00000078     Timer.obj (.text:InitSystemTiming)
                  000056c8    00000078     system_msp432p401r.obj (.text:SystemInit)
                  00005740    00000072     proj2_main.obj (.text:update_score)
                  000057b2    0000006e     rtsv7M4_T_le_v4SPD16_eabi.lib : _printfi.c.obj (.text:_mcpy)
                  00005820    0000006c     proj2_main.obj (.text:P1_Rockets_move)
                  0000588c    00000068     msp432p4xx_driverlib.lib : timer32.o (.text:Timer32_initModule)
                  000058f4    00000068     rtsv7M4_T_le_v4SPD16_eabi.lib : copy_decompress_lzss.c.obj (.text:decompress:lzss:__TI_decompress_lzss)
                  0000595c    00000064     grlib.a : line.obj (.text:Graphics_getClipCode)
                  000059c0    00000064     proj2_main.obj (.text:choose_enemy_pattern)
                  00005a24    00000064     rtsv7M4_T_le_v4SPD16_eabi.lib : s_frexp.c.obj (.text:frexp)
                  00005a88    00000060     Crystalfontz128x128_ST7735.obj (.text:Crystalfontz128x128_LineDrawH)
                  00005ae8    00000060     Crystalfontz128x128_ST7735.obj (.text:Crystalfontz128x128_LineDrawV)
                  00005b48    0000005c     Button.obj (.text:Button_construct)
                  00005ba4    00000058     msp432p4xx_driverlib.lib : gpio.o (.text:GPIO_setAsInputPinWithPullUpResistor)
                  00005bfc    00000058     Timer.obj (.text:SWTimer_elapsedCycles)
                  00005c54    00000056     rtsv7M4_T_le_v4SPD16_eabi.lib : _printfi.c.obj (.text:_pconv_f)
                  00005caa    00000002     --HOLE-- [fill = 0]
                  00005cac    00000054     msp432p4xx_driverlib.lib : adc14.o (.text:ADC14_initModule)
                  00005d00    00000054     Crystalfontz128x128_ST7735.obj (.text:Crystalfontz128x128_SetOrientation)
                  00005d54    00000054     Timer.obj (.text:SWTimer_construct)
                  00005da8    00000054     rtsv7M4_T_le_v4SPD16_eabi.lib : _ltoa.c.obj (.text:__TI_ltoa)
                  00005dfc    00000052     grlib.a : context.obj (.text:Graphics_initContext)
                  00005e4e    00000052     rtsv7M4_T_le_v4SPD16_eabi.lib : _printfi.c.obj (.text:_ecpy)
                  00005ea0    0000004c                                   : atoi.c.obj (.text:atoi)
                  00005eec    0000004c                                   : snprintf.c.obj (.text:snprintf)
                  00005f38    0000004a     LED.obj (.text:LED_construct)
                  00005f82    00000048     proj2_main.obj (.text:Display_enemy)
                  00005fca    00000002     --HOLE-- [fill = 0]
                  00005fcc    00000048     msp432p4xx_driverlib.lib : flash.o (.text:FlashCtl_setWaitState)
                  00006014    00000048     grlib.a : string.obj (.text:Graphics_drawStringCentered)
                  0000605c    00000048     rtsv7M4_T_le_v4SPD16_eabi.lib : fd_toi_t2.asm.obj (.text)
                  000060a4    00000046     proj2_main.obj (.text:Display_p1)
                  000060ea    00000046     proj2_main.obj (.text:Erase_p1)
                  00006130    00000046     proj2_main.obj (.text:delete_previous_enemy)
                  00006176    00000046     proj2_main.obj (.text:update_difficulty)
                  000061bc    00000044     rtsv7M4_T_le_v4SPD16_eabi.lib : autoinit.c.obj (.text:__TI_auto_init_nobinit_nopinit:__TI_auto_init_nobinit_nopinit)
                  00006200    00000040     Crystalfontz128x128_ST7735.obj (.text:Crystalfontz128x128_PixelDraw)
                  00006240    00000040     msp432p4xx_driverlib.lib : gpio.o (.text:GPIO_setAsOutputPin)
                  00006280    00000040     grlib.a : string.obj (.text:Graphics_getNumberOfLeadingZeros)
                  000062c0    00000040     HAL_MSP_EXP432P401R_Crystalfontz128x128_ST7735.obj (.text:HAL_LCD_SpiInit)
                  00006300    00000040     msp432p4xx_driverlib.lib : spi.o (.text:is_A_Module)
                  00006340    00000040     rtsv7M4_T_le_v4SPD16_eabi.lib : sprintf.c.obj (.text:sprintf)
                  00006380    0000003e                                   : _printfi.c.obj (.text:_fcpy)
                  000063be    00000002     --HOLE-- [fill = 0]
                  000063c0    00000038     HAL_MSP_EXP432P401R_Crystalfontz128x128_ST7735.obj (.text:HAL_LCD_writeCommand)
                  000063f8    00000038     msp432p4xx_driverlib.lib : timer32.o (.text:Timer32_startTimer)
                  00006430    00000036     grlib.a : display.obj (.text:Graphics_drawHorizontalLineOnDisplay)
                  00006466    00000036             : display.obj (.text:Graphics_drawVerticalLineOnDisplay)
                  0000649c    00000034     msp432p4xx_driverlib.lib : adc14.o (.text:ADC14_enableSampleTimer)
                  000064d0    00000034                              : cs.o (.text:CS_setDCOCenteredFrequency)
                  00006504    00000034                              : timer32.o (.text:Timer32_setCount)
                  00006538    00000034     rtsv7M4_T_le_v4SPD16_eabi.lib : boot_cortex_m.c.obj (.text:_c_int00_noargs:_c_int00_noargs)
                  0000656c    00000032     proj2_main.obj (.text:main)
                  0000659e    00000002     --HOLE-- [fill = 0]
                  000065a0    00000030     msp432p4xx_driverlib.lib : gpio.o (.text:GPIO_getInputPinValue)
                  000065d0    00000030     HAL_MSP_EXP432P401R_Crystalfontz128x128_ST7735.obj (.text:HAL_LCD_PortInit)
                  00006600    00000030     rtsv7M4_T_le_v4SPD16_eabi.lib : snprintf.c.obj (.text:_outs)
                  00006630    00000030     proj2_main.obj (.text:change_enemy_pattern)
                  00006660    00000030     graphics_HAL.obj (.text:initJoyStick)
                  00006690    0000002e     HAL.obj (.text:HAL_refresh)
                  000066be    0000002e     rtsv7M4_T_le_v4SPD16_eabi.lib : i_tofd_t2.asm.obj (.text)
                  000066ec    0000002c     msp432p4xx_driverlib.lib : adc14.o (.text:ADC14_toggleConversionTrigger)
                  00006718    0000002c     Crystalfontz128x128_ST7735.obj (.text:Crystalfontz128x128_ClearScreen)
                  00006744    0000002c     grlib.a : display.obj (.text:Graphics_drawPixelOnDisplay)
                  00006770    0000002c     HAL_MSP_EXP432P401R_Crystalfontz128x128_ST7735.obj (.text:HAL_LCD_writeData)
                  0000679c    0000002a     Timer.obj (.text:SWTimer_expired)
                  000067c6    00000002     --HOLE-- [fill = 0]
                  000067c8    00000028     msp432p4xx_driverlib.lib : adc14.o (.text:ADC14_enableConversion)
                  000067f0    00000028                              : adc14.o (.text:ADC14_getResult)
                  00006818    00000028     Crystalfontz128x128_ST7735.obj (.text:Crystalfontz128x128_ColorTranslate)
                  00006840    00000028     msp432p4xx_driverlib.lib : gpio.o (.text:GPIO_setOutputHighOnPin)
                  00006868    00000028                              : gpio.o (.text:GPIO_setOutputLowOnPin)
                  00006890    00000028     Timer.obj (.text:T32_INT1_IRQHandler)
                  000068b8    00000026     graphics_HAL.obj (.text:initADC)
                  000068de    00000002     --HOLE-- [fill = 0]
                  000068e0    00000024     Timer.obj (.text:SWTimer_start)
                  00006904    00000024     msp432p4xx_driverlib.lib : wdt_a.o (.text:WDT_A_holdTimer)
                  00006928    00000022     proj2_main.obj (.text:CircularDecrement)
                  0000694a    0000001e     grlib.a : display.obj (.text:Graphics_fillRectangleOnDisplay)
                  00006968    0000001e     proj2_main.obj (.text:PollNonBlockingLED)
                  00006986    0000001c     msp432p4xx_driverlib.lib : spi.o (.text:SPI_enableModule)
                  000069a2    0000001c     rtsv7M4_T_le_v4SPD16_eabi.lib : copy_zero_init.c.obj (.text:decompress:ZI:__TI_zero_init_nomemset:__TI_zero_init_nomemset)
                  000069be    0000001c     graphics_HAL.obj (.text:getSampleJoyStick)
                  000069da    0000001c     rtsv7M4_T_le_v4SPD16_eabi.lib : memccpy.c.obj (.text:memccpy)
                  000069f6    0000001a     proj2_main.obj (.text:CircularIncrement)
                  00006a10    0000001a     grlib.a : display.obj (.text:Graphics_clearDisplayOnDisplay)
                  00006a2a    0000001a             : context.obj (.text:Graphics_setBackgroundColor)
                  00006a44    0000001a             : context.obj (.text:Graphics_setFont)
                  00006a5e    0000001a     rtsv7M4_T_le_v4SPD16_eabi.lib : s_copysign.c.obj (.text:copysign)
                  00006a78    00000018     proj2_main.obj (.text:Application_updateCommunications)
                  00006a90    00000018     rtsv7M4_T_le_v4SPD16_eabi.lib : snprintf.c.obj (.text:_outc)
                  00006aa8    00000018                                   : sprintf.c.obj (.text:_outs)
                  00006ac0    00000018                                   : ll_mul_t2.asm.obj (.text)
                  00006ad8    00000016     msp432p4xx_driverlib.lib : spi.o (.text:EUSCI_A_SPI_enable)
                  00006aee    00000016                              : spi.o (.text:EUSCI_B_SPI_enable)
                  00006b04    00000016     grlib.a : context.obj (.text:Graphics_setForegroundColor)
                  00006b1a    00000016             : display.obj (.text:Graphics_translateColorOnDisplay)
                  00006b30    00000016     rtsv7M4_T_le_v4SPD16_eabi.lib : strchr.c.obj (.text:strchr)
                  00006b46    00000014     proj2_main.obj (.text:InitNonBlockingLED)
                  00006b5a    00000014     msp432p4xx_driverlib.lib : timer32.o (.text:Timer32_clearInterruptFlag)
                  00006b6e    00000014     rtsv7M4_T_le_v4SPD16_eabi.lib : strlen.c.obj (.text:strlen)
                  00006b82    00000012     grlib.a : context.obj (.text:Graphics_clearDisplay)
                  00006b94    00000012     rtsv7M4_T_le_v4SPD16_eabi.lib : wcslen.c.obj (.text:wcslen)
                  00006ba6    00000002     --HOLE-- [fill = 0]
                  00006ba8    00000010     msp432p4xx_driverlib.lib : adc14.o (.text:ADCIsConversionRunning)
                  00006bb8    00000010                              : interrupt.o (.text:Interrupt_disableMaster)
                  00006bc8    00000010                              : interrupt.o (.text:Interrupt_enableMaster)
                  00006bd8    0000000e     Button.obj (.text:Button_isTapped)
                  00006be6    0000000e     msp432p4xx_driverlib.lib : timer32.o (.text:Timer32_getValue)
                  00006bf4    0000000e     rtsv7M4_T_le_v4SPD16_eabi.lib : copy_decompress_none.c.obj (.text:decompress:none:__TI_decompress_none)
                  00006c02    00000002     --HOLE-- [fill = 0]
                  00006c04    0000000c     msp432p4xx_driverlib.lib : adc14.o (.text:ADC14_enableModule)
                  00006c10    0000000c                              : cpu.o (.text:CPU_cpsid)
                  00006c1c    0000000c                              : cpu.o (.text:CPU_cpsie)
                  00006c28    0000000c     startup_msp432p401r_ccs.obj (.text:Reset_Handler)
                  00006c34    0000000c     graphics_HAL.obj (.text:startADC)
                  00006c40    0000000a     Crystalfontz128x128_ST7735.obj (.text:Crystalfontz128x128_Flush)
                  00006c4a    0000000a     rtsv7M4_T_le_v4SPD16_eabi.lib : sprintf.c.obj (.text:_outc)
                  00006c54    00000008                                   : errno.c.obj (.text:__aeabi_errno_addr)
                  00006c5c    00000004                                   : pre_init.c.obj (.text:_system_pre_init)
                  00006c60    00000004                                   : exit.c.obj (.text:abort:abort)

.const     0    00006c64    000005dc     
                  00006c64    000002f8     grlib.a : fontfixed6x8.obj (.const:.string:g_pucFontFixed6x8Data)
                  00006f5c    00000101     rtsv7M4_T_le_v4SPD16_eabi.lib : ctype.c.obj (.const:.string:_ctypes_)
                  0000705d    00000003     --HOLE-- [fill = 0]
                  00007060    000000c8     grlib.a : fontfixed6x8.obj (.const:g_sFontFixed6x8)
                  00007128    00000080     msp432p4xx_driverlib.lib : adc14.o (.const:_ctlRegs)
                  000071a8    00000030                              : gpio.o (.const:GPIO_PORT_TO_BASE)
                  000071d8    00000020     Crystalfontz128x128_ST7735.obj (.const:g_sCrystalfontz128x128_funcs)
                  000071f8    0000001c     HAL_MSP_EXP432P401R_Crystalfontz128x128_ST7735.obj (.const:$P$T0$1)
                  00007214    0000001c     proj2_main.obj (.const:$P$T0$1)
                  00007230    00000008     Crystalfontz128x128_ST7735.obj (.const:$P$T0$1)
                  00007238    00000008     msp432p4xx_driverlib.lib : interrupt.o (.const:g_pulEnRegs)

.cinit     0    00007240    00000038     
                  00007240    0000000d     (.cinit..data.load) [load image, compression = lzss]
                  0000724d    00000003     --HOLE-- [fill = 0]
                  00007250    0000000c     (__TI_handler_table)
                  0000725c    00000004     --HOLE-- [fill = 0]
                  00007260    00000008     (.cinit..bss.load) [load image, compression = zero_init]
                  00007268    00000010     (__TI_cinit_table)

.init_array 
*          0    00000000    00000000     UNINITIALIZED

.binit     0    00000000    00000000     

.data      0    20000000    0000001c     UNINITIALIZED
                  20000000    00000010     Crystalfontz128x128_ST7735.obj (.data:g_sCrystalfontz128x128)
                  20000010    00000008     Timer.obj (.data)
                  20000018    00000004     rtsv7M4_T_le_v4SPD16_eabi.lib : errno.c.obj (.data)

.bss       0    2000001c    0000000a     UNINITIALIZED
                  2000001c    00000002     (.common:Lcd_ScreenHeigth)
                  2000001e    00000002     (.common:Lcd_ScreenWidth)
                  20000020    00000002     (.common:Lcd_TouchTrim)
                  20000022    00000001     (.common:Lcd_FlagRead)
                  20000023    00000001     (.common:Lcd_FontSolid)
                  20000024    00000001     (.common:Lcd_Orientation)
                  20000025    00000001     (.common:Lcd_PenSolid)

.stack     0    2000fe00    00000200     UNINITIALIZED
                  2000fe00    00000004     rtsv7M4_T_le_v4SPD16_eabi.lib : boot_cortex_m.c.obj (.stack)
                  2000fe04    000001fc     --HOLE--

__llvm_prf_cnts 
*          0    20000000    00000000     UNINITIALIZED

MODULE SUMMARY

       Module                                               code    ro data   rw data
       ------                                               ----    -------   -------
    .\
       proj2_main.obj                                       9064    28        0      
       system_msp432p401r.obj                               120     0         0      
    +--+----------------------------------------------------+-------+---------+---------+
       Total:                                               9184    28        0      
                                                                                     
    .\HAL\
       Timer.obj                                            410     0         16     
       Button.obj                                           336     0         0      
       HAL.obj                                              204     0         0      
       graphics_HAL.obj                                     126     0         0      
       LED.obj                                              74      0         0      
    +--+----------------------------------------------------+-------+---------+---------+
       Total:                                               1150    0         16     
                                                                                     
    .\HAL\LcdDriver\
       Crystalfontz128x128_ST7735.obj                       1670    40        52     
       HAL_MSP_EXP432P401R_Crystalfontz128x128_ST7735.obj   212     28        0      
    +--+----------------------------------------------------+-------+---------+---------+
       Total:                                               1882    68        52     
                                                                                     
    .\ccs\
       startup_msp432p401r_ccs.obj                          14      228       0      
    +--+----------------------------------------------------+-------+---------+---------+
       Total:                                               14      228       0      
                                                                                     
    C:/ti/simplelink_msp432p4_sdk_3_40_01_02/source/ti/devices/msp432p4xx/driverlib/ccs/msp432p4xx_driverlib.lib
       adc14.o                                              1000    128       0      
       cs.o                                                 904     0         0      
       gpio.o                                               552     48        0      
       spi.o                                                312     0         0      
       timer32.o                                            246     0         0      
       interrupt.o                                          160     8         0      
       sysctl_a.o                                           148     0         0      
       flash.o                                              72      0         0      
       wdt_a.o                                              36      0         0      
       cpu.o                                                24      0         0      
    +--+----------------------------------------------------+-------+---------+---------+
       Total:                                               3454    184       0      
                                                                                     
    C:/ti/simplelink_msp432p4_sdk_3_40_01_02/source/ti/grlib/lib/ccs/m4f/grlib.a
       string.obj                                           1536    0         0      
       line.obj                                             1168    0         0      
       fontfixed6x8.obj                                     0       960       0      
       circle.obj                                           554     0         0      
       rectangle.obj                                        274     0         0      
       display.obj                                          230     0         0      
       context.obj                                          174     0         0      
    +--+----------------------------------------------------+-------+---------+---------+
       Total:                                               3936    960       0      
                                                                                     
    C:\ti\ccs1000\ccs\tools\compiler\ti-cgt-arm_20.2.0.LTS\lib\rtsv7M4_T_le_v4SPD16_eabi.lib
       _printfi.c.obj                                       4851    0         0      
       fd_add_t2.asm.obj                                    438     0         0      
       fd_div_t2.asm.obj                                    310     0         0      
       s_scalbn.c.obj                                       272     0         0      
       fd_cmp_t2.asm.obj                                    268     0         0      
       ctype.c.obj                                          0       257       0      
       fd_mul_t2.asm.obj                                    252     0         0      
       memcpy_t2.asm.obj                                    156     0         0      
       ull_div_t2.asm.obj                                   150     0         0      
       snprintf.c.obj                                       148     0         0      
       memset_t2.asm.obj                                    122     0         0      
       copy_decompress_lzss.c.obj                           104     0         0      
       s_frexp.c.obj                                        100     0         0      
       sprintf.c.obj                                        98      0         0      
       _ltoa.c.obj                                          84      0         0      
       atoi.c.obj                                           76      0         0      
       fd_toi_t2.asm.obj                                    72      0         0      
       autoinit.c.obj                                       68      0         0      
       boot_cortex_m.c.obj                                  52      0         0      
       i_tofd_t2.asm.obj                                    46      0         0      
       copy_zero_init.c.obj                                 28      0         0      
       memccpy.c.obj                                        28      0         0      
       s_copysign.c.obj                                     26      0         0      
       ll_mul_t2.asm.obj                                    24      0         0      
       strchr.c.obj                                         22      0         0      
       strlen.c.obj                                         20      0         0      
       wcslen.c.obj                                         18      0         0      
       errno.c.obj                                          8       0         8      
       copy_decompress_none.c.obj                           14      0         0      
       exit.c.obj                                           4       0         0      
       pre_init.c.obj                                       4       0         0      
       div0.asm.obj                                         2       0         0      
    +--+----------------------------------------------------+-------+---------+---------+
       Total:                                               7865    257       8      
                                                                                     
       Stack:                                               0       0         1024   
       Linker Generated:                                    0       49        0      
    +--+----------------------------------------------------+-------+---------+---------+
       Grand Total:                                         27485   1774      1100   


LINKER GENERATED COPY TABLES

__TI_cinit_table @ 00007268 records: 2, size/record: 8, table size: 16
	.data: load addr=00007240, load size=0000000d bytes, run addr=20000000, run size=0000001c bytes, compression=lzss
	.bss: load addr=00007260, load size=00000008 bytes, run addr=2000001c, run size=0000000a bytes, compression=zero_init


LINKER GENERATED HANDLER TABLE

__TI_handler_table @ 00007250 records: 3, size/record: 4, table size: 12
	index: 0, handler: __TI_decompress_lzss
	index: 1, handler: __TI_decompress_none
	index: 2, handler: __TI_zero_init


GLOBAL SYMBOLS: SORTED ALPHABETICALLY BY Name 

address   name                                       
-------   ----                                       
00001cc3  ADC14_IRQHandler                           
000045e5  ADC14_configureConversionMemory            
00004699  ADC14_configureMultiSequenceMode           
000067c9  ADC14_enableConversion                     
00006c05  ADC14_enableModule                         
0000649d  ADC14_enableSampleTimer                    
000067f1  ADC14_getResult                            
00005cad  ADC14_initModule                           
000066ed  ADC14_toggleConversionTrigger              
00001cc3  AES256_IRQHandler                          
00002e4d  Application_construct                      
000043b3  Application_loop                           
00006a79  Application_updateCommunications           
00001cc3  BusFault_Handler                           
00005b49  Button_construct                           
00006bd9  Button_isTapped                            
0000410d  Button_refresh                             
00006c61  C$$EXIT                                    
00001cc3  COMP_E0_IRQHandler                         
00001cc3  COMP_E1_IRQHandler                         
00006c11  CPU_cpsid                                  
00006c1d  CPU_cpsie                                  
00001cc3  CS_IRQHandler                              
00003499  CS_initClockSignal                         
000064d1  CS_setDCOCenteredFrequency                 
00002549  CS_setDCOFrequency                         
00005139  CS_tuneDCOFrequency                        
00006929  CircularDecrement                          
000069f7  CircularIncrement                          
000035c9  Crystalfontz128x128_Init                   
00003365  Crystalfontz128x128_SetDrawFrame           
00005d01  Crystalfontz128x128_SetOrientation         
00001cc3  DMA_ERR_IRQHandler                         
00001cc3  DMA_INT0_IRQHandler                        
00001cc3  DMA_INT1_IRQHandler                        
00001cc3  DMA_INT2_IRQHandler                        
00001cc3  DMA_INT3_IRQHandler                        
00001cc3  DebugMon_Handler                           
00001cc3  Default_Handler                            
000054dd  Display_Enemy_HP                           
00003f3d  Display_Game                               
00005559  Display_Player_HP                          
00005f83  Display_enemy                              
000060a5  Display_p1                                 
00001cc3  EUSCIA0_IRQHandler                         
00001cc3  EUSCIA1_IRQHandler                         
00001cc3  EUSCIA2_IRQHandler                         
00001cc3  EUSCIA3_IRQHandler                         
00001cc3  EUSCIB0_IRQHandler                         
00001cc3  EUSCIB1_IRQHandler                         
00001cc3  EUSCIB2_IRQHandler                         
00001cc3  EUSCIB3_IRQHandler                         
00006ad9  EUSCI_A_SPI_enable                         
00006aef  EUSCI_B_SPI_enable                         
000060eb  Erase_p1                                   
00001cc3  FLCTL_IRQHandler                           
00001cc3  FPU_IRQHandler                             
00005fcd  FlashCtl_setWaitState                      
000065a1  GPIO_getInputPinValue                      
00005ba5  GPIO_setAsInputPinWithPullUpResistor       
00006241  GPIO_setAsOutputPin                        
000051c1  GPIO_setAsPeripheralModuleFunctionInputPin 
00005249  GPIO_setAsPeripheralModuleFunctionOutputPin
00006841  GPIO_setOutputHighOnPin                    
00006869  GPIO_setOutputLowOnPin                     
000042d9  GameOver_Screen                            
0000474d  Game_Pause                                 
00006b83  Graphics_clearDisplay                      
00006a11  Graphics_clearDisplayOnDisplay             
00006431  Graphics_drawHorizontalLineOnDisplay       
00002b79  Graphics_drawLine                          
00004c89  Graphics_drawLineH                         
00004d25  Graphics_drawLineV                         
00006745  Graphics_drawPixelOnDisplay                
00000b33  Graphics_drawString                        
00006015  Graphics_drawStringCentered                
00006467  Graphics_drawVerticalLineOnDisplay         
000018c1  Graphics_fillCircle                        
00003819  Graphics_fillRectangle                     
0000694b  Graphics_fillRectangleOnDisplay            
00003d59  Graphics_getStringWidth                    
00005dfd  Graphics_initContext                       
00006a2b  Graphics_setBackgroundColor                
00006a45  Graphics_setFont                           
00006b05  Graphics_setForegroundColor                
00006b1b  Graphics_translateColorOnDisplay           
000065d1  HAL_LCD_PortInit                           
000062c1  HAL_LCD_SpiInit                            
000063c1  HAL_LCD_writeCommand                       
00006771  HAL_LCD_writeData                          
00004b4f  HAL_construct                              
00006691  HAL_refresh                                
00001cc3  HardFault_Handler                          
00002fa1  Home_Screen                                
00005651  InitSystemTiming                           
000026e5  Instruction_Screen                         
00006bb9  Interrupt_disableMaster                    
000053dd  Interrupt_enableInterrupt                  
00006bc9  Interrupt_enableMaster                     
0000545d  JoystickCheck                              
00005f39  LED_construct                              
20000022  Lcd_FlagRead                               
20000023  Lcd_FontSolid                              
20000024  Lcd_Orientation                            
20000025  Lcd_PenSolid                               
2000001c  Lcd_ScreenHeigth                           
2000001e  Lcd_ScreenWidth                            
20000020  Lcd_TouchTrim                              
00004473  Main_Menu                                  
00001cc3  MemManage_Handler                          
00003e53  MoveSquare                                 
00001cc3  NMI_Handler                                
000050af  P1_Rockets                                 
00004ef3  P1_Rockets_display                         
00005821  P1_Rockets_move                            
00001cc3  PCM_IRQHandler                             
00001cc3  PORT1_IRQHandler                           
00001cc3  PORT2_IRQHandler                           
00001cc3  PORT3_IRQHandler                           
00001cc3  PORT4_IRQHandler                           
00001cc3  PORT5_IRQHandler                           
00001cc3  PORT6_IRQHandler                           
00001cc3  PSS_IRQHandler                             
00001cc3  PendSV_Handler                             
00001cc3  RTC_C_IRQHandler                           
00006c29  Reset_Handler                              
00006987  SPI_enableModule                           
000048b3  SPI_initMaster                             
00001cc3  SVC_Handler                                
00005d55  SWTimer_construct                          
00005bfd  SWTimer_elapsedCycles                      
0000679d  SWTimer_expired                            
000068e1  SWTimer_start                              
00002875  Score_Screen                               
00004025  Start_Screen                               
00004f89  SysCtl_A_getTLVInfo                        
00001cc3  SysTick_Handler                            
000056c9  SystemInit                                 
00006891  T32_INT1_IRQHandler                        
00006891  T32_INT1_IRQHandler                        
00001cc3  T32_INT2_IRQHandler                        
00001cc3  T32_INTC_IRQHandler                        
00001cc3  TA0_0_IRQHandler                           
00001cc3  TA0_N_IRQHandler                           
00001cc3  TA1_0_IRQHandler                           
00001cc3  TA1_N_IRQHandler                           
00001cc3  TA2_0_IRQHandler                           
00001cc3  TA2_N_IRQHandler                           
00001cc3  TA3_0_IRQHandler                           
00001cc3  TA3_N_IRQHandler                           
00006b5b  Timer32_clearInterruptFlag                 
00006be7  Timer32_getValue                           
0000588d  Timer32_initModule                         
00006505  Timer32_setCount                           
000063f9  Timer32_startTimer                         
00001cc3  UsageFault_Handler                         
000041f5  Victory_Screen                             
4000480c  WDTCTL_SYM                                 
00001cc3  WDT_A_IRQHandler                           
00006905  WDT_A_holdTimer                            
20010000  __STACK_END                                
00000200  __STACK_SIZE                               
00007268  __TI_CINIT_Base                            
00007278  __TI_CINIT_Limit                           
00007250  __TI_Handler_Table_Base                    
0000725c  __TI_Handler_Table_Limit                   
000061bd  __TI_auto_init_nobinit_nopinit             
000058f5  __TI_decompress_lzss                       
00006bf5  __TI_decompress_none                       
00005da9  __TI_ltoa                                  
ffffffff  __TI_pprof_out_hndl                        
000000e5  __TI_printfi                               
ffffffff  __TI_prof_data_size                        
ffffffff  __TI_prof_data_start                       
00000000  __TI_static_base__                         
000069a3  __TI_zero_init_nomemset                    
000052d1  __aeabi_cdcmpeq                            
000052d1  __aeabi_cdcmple                            
00005357  __aeabi_cdrcmple                           
0000605d  __aeabi_d2iz                               
00002059  __aeabi_dadd                               
0000322d  __aeabi_ddiv                               
00003c5d  __aeabi_dmul                               
0000204f  __aeabi_dsub                               
00006c55  __aeabi_errno_addr                         
000066bf  __aeabi_i2d                                
00003363  __aeabi_idiv0                              
00003363  __aeabi_ldiv0                              
00006ac1  __aeabi_lmul                               
000055d5  __aeabi_memclr                             
000055d5  __aeabi_memclr4                            
000055d5  __aeabi_memclr8                            
00004dc1  __aeabi_memcpy                             
00004dc1  __aeabi_memcpy4                            
00004dc1  __aeabi_memcpy8                            
000055d7  __aeabi_memset                             
000055d7  __aeabi_memset4                            
000055d7  __aeabi_memset8                            
00004e5d  __aeabi_uldivmod                           
ffffffff  __binit__                                  
ffffffff  __c_args__                                 
UNDEFED   __mpu_init                                 
2000fe00  __stack                                    
20000000  __start___llvm_prf_cnts                    
20000000  __stop___llvm_prf_cnts                     
00006539  _c_int00_noargs                            
00006f5c  _ctypes_                                   
UNDEFED   _system_post_cinit                         
00006c5d  _system_pre_init                           
00006c61  abort                                      
00005ea1  atoi                                       
ffffffff  binit                                      
00006631  change_enemy_pattern                       
000059c1  choose_enemy_pattern                       
00006a5f  copysign                                   
00006a5f  copysignl                                  
00004963  delete_P1_rockets                          
00004a09  delete_enemy_rockets                       
00006131  delete_previous_enemy                      
0000392b  enemy_collision_check                      
00001e95  enemy_diagonal                             
000023a9  enemy_horizontal                           
00001221  enemy_horizontal_both_sides                
00001459  enemy_horizontal_left                      
0000168d  enemy_horizontal_right                     
0000501d  enemy_launch_status                        
00002205  enemy_vertical                             
20000018  errno                                      
00005a25  frexp                                      
00005a25  frexpl                                     
20000000  g_sCrystalfontz128x128                     
000071d8  g_sCrystalfontz128x128_funcs               
00007060  g_sFontFixed6x8                            
000069bf  getSampleJoyStick                          
000068b9  initADC                                    
00006661  initJoyStick                               
00000000  interruptVectors                           
00003b4d  ldexp                                      
00003b4d  ldexpl                                     
0000656d  main                                       
000069db  memccpy                                    
00004dc1  memcpy                                     
000055dd  memset                                     
00004aaf  move_enemy                                 
00003a3b  player_collision_check                     
0000452b  reset_game                                 
00003b4d  scalbn                                     
00003b4d  scalbnl                                    
00005eed  snprintf                                   
00006341  sprintf                                    
00006c35  startADC                                   
00006b31  strchr                                     
00006b6f  strlen                                     
00006177  update_difficulty                          
00005741  update_score                               
00006b95  wcslen                                     


GLOBAL SYMBOLS: SORTED BY Symbol Address 

address   name                                       
-------   ----                                       
00000000  __TI_static_base__                         
00000000  interruptVectors                           
000000e5  __TI_printfi                               
00000200  __STACK_SIZE                               
00000b33  Graphics_drawString                        
00001221  enemy_horizontal_both_sides                
00001459  enemy_horizontal_left                      
0000168d  enemy_horizontal_right                     
000018c1  Graphics_fillCircle                        
00001cc3  ADC14_IRQHandler                           
00001cc3  AES256_IRQHandler                          
00001cc3  BusFault_Handler                           
00001cc3  COMP_E0_IRQHandler                         
00001cc3  COMP_E1_IRQHandler                         
00001cc3  CS_IRQHandler                              
00001cc3  DMA_ERR_IRQHandler                         
00001cc3  DMA_INT0_IRQHandler                        
00001cc3  DMA_INT1_IRQHandler                        
00001cc3  DMA_INT2_IRQHandler                        
00001cc3  DMA_INT3_IRQHandler                        
00001cc3  DebugMon_Handler                           
00001cc3  Default_Handler                            
00001cc3  EUSCIA0_IRQHandler                         
00001cc3  EUSCIA1_IRQHandler                         
00001cc3  EUSCIA2_IRQHandler                         
00001cc3  EUSCIA3_IRQHandler                         
00001cc3  EUSCIB0_IRQHandler                         
00001cc3  EUSCIB1_IRQHandler                         
00001cc3  EUSCIB2_IRQHandler                         
00001cc3  EUSCIB3_IRQHandler                         
00001cc3  FLCTL_IRQHandler                           
00001cc3  FPU_IRQHandler                             
00001cc3  HardFault_Handler                          
00001cc3  MemManage_Handler                          
00001cc3  NMI_Handler                                
00001cc3  PCM_IRQHandler                             
00001cc3  PORT1_IRQHandler                           
00001cc3  PORT2_IRQHandler                           
00001cc3  PORT3_IRQHandler                           
00001cc3  PORT4_IRQHandler                           
00001cc3  PORT5_IRQHandler                           
00001cc3  PORT6_IRQHandler                           
00001cc3  PSS_IRQHandler                             
00001cc3  PendSV_Handler                             
00001cc3  RTC_C_IRQHandler                           
00001cc3  SVC_Handler                                
00001cc3  SysTick_Handler                            
00001cc3  T32_INT2_IRQHandler                        
00001cc3  T32_INTC_IRQHandler                        
00001cc3  TA0_0_IRQHandler                           
00001cc3  TA0_N_IRQHandler                           
00001cc3  TA1_0_IRQHandler                           
00001cc3  TA1_N_IRQHandler                           
00001cc3  TA2_0_IRQHandler                           
00001cc3  TA2_N_IRQHandler                           
00001cc3  TA3_0_IRQHandler                           
00001cc3  TA3_N_IRQHandler                           
00001cc3  UsageFault_Handler                         
00001cc3  WDT_A_IRQHandler                           
00001e95  enemy_diagonal                             
0000204f  __aeabi_dsub                               
00002059  __aeabi_dadd                               
00002205  enemy_vertical                             
000023a9  enemy_horizontal                           
00002549  CS_setDCOFrequency                         
000026e5  Instruction_Screen                         
00002875  Score_Screen                               
00002b79  Graphics_drawLine                          
00002e4d  Application_construct                      
00002fa1  Home_Screen                                
0000322d  __aeabi_ddiv                               
00003363  __aeabi_idiv0                              
00003363  __aeabi_ldiv0                              
00003365  Crystalfontz128x128_SetDrawFrame           
00003499  CS_initClockSignal                         
000035c9  Crystalfontz128x128_Init                   
00003819  Graphics_fillRectangle                     
0000392b  enemy_collision_check                      
00003a3b  player_collision_check                     
00003b4d  ldexp                                      
00003b4d  ldexpl                                     
00003b4d  scalbn                                     
00003b4d  scalbnl                                    
00003c5d  __aeabi_dmul                               
00003d59  Graphics_getStringWidth                    
00003e53  MoveSquare                                 
00003f3d  Display_Game                               
00004025  Start_Screen                               
0000410d  Button_refresh                             
000041f5  Victory_Screen                             
000042d9  GameOver_Screen                            
000043b3  Application_loop                           
00004473  Main_Menu                                  
0000452b  reset_game                                 
000045e5  ADC14_configureConversionMemory            
00004699  ADC14_configureMultiSequenceMode           
0000474d  Game_Pause                                 
000048b3  SPI_initMaster                             
00004963  delete_P1_rockets                          
00004a09  delete_enemy_rockets                       
00004aaf  move_enemy                                 
00004b4f  HAL_construct                              
00004c89  Graphics_drawLineH                         
00004d25  Graphics_drawLineV                         
00004dc1  __aeabi_memcpy                             
00004dc1  __aeabi_memcpy4                            
00004dc1  __aeabi_memcpy8                            
00004dc1  memcpy                                     
00004e5d  __aeabi_uldivmod                           
00004ef3  P1_Rockets_display                         
00004f89  SysCtl_A_getTLVInfo                        
0000501d  enemy_launch_status                        
000050af  P1_Rockets                                 
00005139  CS_tuneDCOFrequency                        
000051c1  GPIO_setAsPeripheralModuleFunctionInputPin 
00005249  GPIO_setAsPeripheralModuleFunctionOutputPin
000052d1  __aeabi_cdcmpeq                            
000052d1  __aeabi_cdcmple                            
00005357  __aeabi_cdrcmple                           
000053dd  Interrupt_enableInterrupt                  
0000545d  JoystickCheck                              
000054dd  Display_Enemy_HP                           
00005559  Display_Player_HP                          
000055d5  __aeabi_memclr                             
000055d5  __aeabi_memclr4                            
000055d5  __aeabi_memclr8                            
000055d7  __aeabi_memset                             
000055d7  __aeabi_memset4                            
000055d7  __aeabi_memset8                            
000055dd  memset                                     
00005651  InitSystemTiming                           
000056c9  SystemInit                                 
00005741  update_score                               
00005821  P1_Rockets_move                            
0000588d  Timer32_initModule                         
000058f5  __TI_decompress_lzss                       
000059c1  choose_enemy_pattern                       
00005a25  frexp                                      
00005a25  frexpl                                     
00005b49  Button_construct                           
00005ba5  GPIO_setAsInputPinWithPullUpResistor       
00005bfd  SWTimer_elapsedCycles                      
00005cad  ADC14_initModule                           
00005d01  Crystalfontz128x128_SetOrientation         
00005d55  SWTimer_construct                          
00005da9  __TI_ltoa                                  
00005dfd  Graphics_initContext                       
00005ea1  atoi                                       
00005eed  snprintf                                   
00005f39  LED_construct                              
00005f83  Display_enemy                              
00005fcd  FlashCtl_setWaitState                      
00006015  Graphics_drawStringCentered                
0000605d  __aeabi_d2iz                               
000060a5  Display_p1                                 
000060eb  Erase_p1                                   
00006131  delete_previous_enemy                      
00006177  update_difficulty                          
000061bd  __TI_auto_init_nobinit_nopinit             
00006241  GPIO_setAsOutputPin                        
000062c1  HAL_LCD_SpiInit                            
00006341  sprintf                                    
000063c1  HAL_LCD_writeCommand                       
000063f9  Timer32_startTimer                         
00006431  Graphics_drawHorizontalLineOnDisplay       
00006467  Graphics_drawVerticalLineOnDisplay         
0000649d  ADC14_enableSampleTimer                    
000064d1  CS_setDCOCenteredFrequency                 
00006505  Timer32_setCount                           
00006539  _c_int00_noargs                            
0000656d  main                                       
000065a1  GPIO_getInputPinValue                      
000065d1  HAL_LCD_PortInit                           
00006631  change_enemy_pattern                       
00006661  initJoyStick                               
00006691  HAL_refresh                                
000066bf  __aeabi_i2d                                
000066ed  ADC14_toggleConversionTrigger              
00006745  Graphics_drawPixelOnDisplay                
00006771  HAL_LCD_writeData                          
0000679d  SWTimer_expired                            
000067c9  ADC14_enableConversion                     
000067f1  ADC14_getResult                            
00006841  GPIO_setOutputHighOnPin                    
00006869  GPIO_setOutputLowOnPin                     
00006891  T32_INT1_IRQHandler                        
00006891  T32_INT1_IRQHandler                        
000068b9  initADC                                    
000068e1  SWTimer_start                              
00006905  WDT_A_holdTimer                            
00006929  CircularDecrement                          
0000694b  Graphics_fillRectangleOnDisplay            
00006987  SPI_enableModule                           
000069a3  __TI_zero_init_nomemset                    
000069bf  getSampleJoyStick                          
000069db  memccpy                                    
000069f7  CircularIncrement                          
00006a11  Graphics_clearDisplayOnDisplay             
00006a2b  Graphics_setBackgroundColor                
00006a45  Graphics_setFont                           
00006a5f  copysign                                   
00006a5f  copysignl                                  
00006a79  Application_updateCommunications           
00006ac1  __aeabi_lmul                               
00006ad9  EUSCI_A_SPI_enable                         
00006aef  EUSCI_B_SPI_enable                         
00006b05  Graphics_setForegroundColor                
00006b1b  Graphics_translateColorOnDisplay           
00006b31  strchr                                     
00006b5b  Timer32_clearInterruptFlag                 
00006b6f  strlen                                     
00006b83  Graphics_clearDisplay                      
00006b95  wcslen                                     
00006bb9  Interrupt_disableMaster                    
00006bc9  Interrupt_enableMaster                     
00006bd9  Button_isTapped                            
00006be7  Timer32_getValue                           
00006bf5  __TI_decompress_none                       
00006c05  ADC14_enableModule                         
00006c11  CPU_cpsid                                  
00006c1d  CPU_cpsie                                  
00006c29  Reset_Handler                              
00006c35  startADC                                   
00006c55  __aeabi_errno_addr                         
00006c5d  _system_pre_init                           
00006c61  C$$EXIT                                    
00006c61  abort                                      
00006f5c  _ctypes_                                   
00007060  g_sFontFixed6x8                            
000071d8  g_sCrystalfontz128x128_funcs               
00007250  __TI_Handler_Table_Base                    
0000725c  __TI_Handler_Table_Limit                   
00007268  __TI_CINIT_Base                            
00007278  __TI_CINIT_Limit                           
20000000  __start___llvm_prf_cnts                    
20000000  __stop___llvm_prf_cnts                     
20000000  g_sCrystalfontz128x128                     
20000018  errno                                      
2000001c  Lcd_ScreenHeigth                           
2000001e  Lcd_ScreenWidth                            
20000020  Lcd_TouchTrim                              
20000022  Lcd_FlagRead                               
20000023  Lcd_FontSolid                              
20000024  Lcd_Orientation                            
20000025  Lcd_PenSolid                               
2000fe00  __stack                                    
20010000  __STACK_END                                
4000480c  WDTCTL_SYM                                 
ffffffff  __TI_pprof_out_hndl                        
ffffffff  __TI_prof_data_size                        
ffffffff  __TI_prof_data_start                       
ffffffff  __binit__                                  
ffffffff  __c_args__                                 
ffffffff  binit                                      
UNDEFED   __mpu_init                                 
UNDEFED   _system_post_cinit                         

[256 symbols]
