<?xml version="1.0" encoding="ISO-8859-1" ?>
<link_info>
   <banner>TI ARM Linker PC v20.2.0.LTS</banner>
   <copyright>Copyright (c) 1996-2018 Texas Instruments Incorporated</copyright>
   <link_time>0x6957ce27</link_time>
   <link_errors>0x0</link_errors>
   <output_file>F25_Proj2.out</output_file>
   <entry_point>
      <name>_c_int00_noargs</name>
      <address>0x6539</address>
   </entry_point>
   <input_file_list>
      <input_file id="fl-2">
         <path>.\</path>
         <kind>object</kind>
         <file>proj2_main.obj</file>
         <name>proj2_main.obj</name>
      </input_file>
      <input_file id="fl-3">
         <path>.\</path>
         <kind>object</kind>
         <file>system_msp432p401r.obj</file>
         <name>system_msp432p401r.obj</name>
      </input_file>
      <input_file id="fl-4">
         <path>.\HAL\</path>
         <kind>object</kind>
         <file>Button.obj</file>
         <name>Button.obj</name>
      </input_file>
      <input_file id="fl-5">
         <path>.\HAL\</path>
         <kind>object</kind>
         <file>Graphics.obj</file>
         <name>Graphics.obj</name>
      </input_file>
      <input_file id="fl-6">
         <path>.\HAL\</path>
         <kind>object</kind>
         <file>HAL.obj</file>
         <name>HAL.obj</name>
      </input_file>
      <input_file id="fl-7">
         <path>.\HAL\</path>
         <kind>object</kind>
         <file>LED.obj</file>
         <name>LED.obj</name>
      </input_file>
      <input_file id="fl-8">
         <path>.\HAL\</path>
         <kind>object</kind>
         <file>Timer.obj</file>
         <name>Timer.obj</name>
      </input_file>
      <input_file id="fl-9">
         <path>.\HAL\</path>
         <kind>object</kind>
         <file>graphics_HAL.obj</file>
         <name>graphics_HAL.obj</name>
      </input_file>
      <input_file id="fl-a">
         <path>.\HAL\LcdDriver\</path>
         <kind>object</kind>
         <file>Crystalfontz128x128_ST7735.obj</file>
         <name>Crystalfontz128x128_ST7735.obj</name>
      </input_file>
      <input_file id="fl-b">
         <path>.\HAL\LcdDriver\</path>
         <kind>object</kind>
         <file>HAL_MSP_EXP432P401R_Crystalfontz128x128_ST7735.obj</file>
         <name>HAL_MSP_EXP432P401R_Crystalfontz128x128_ST7735.obj</name>
      </input_file>
      <input_file id="fl-c">
         <path>.\ccs\</path>
         <kind>object</kind>
         <file>startup_msp432p401r_ccs.obj</file>
         <name>startup_msp432p401r_ccs.obj</name>
      </input_file>
      <input_file id="fl-16">
         <kind>object</kind>
         <file>&lt;internal&gt;</file>
         <name>&lt;internal&gt;</name>
      </input_file>
      <input_file id="fl-17">
         <path>C:\ti\simplelink_msp432p4_sdk_3_40_01_02\source\ti\grlib\lib\ccs\m4f\</path>
         <kind>archive</kind>
         <file>grlib.a</file>
         <name>circle.obj</name>
      </input_file>
      <input_file id="fl-18">
         <path>C:\ti\simplelink_msp432p4_sdk_3_40_01_02\source\ti\grlib\lib\ccs\m4f\</path>
         <kind>archive</kind>
         <file>grlib.a</file>
         <name>context.obj</name>
      </input_file>
      <input_file id="fl-19">
         <path>C:\ti\simplelink_msp432p4_sdk_3_40_01_02\source\ti\grlib\lib\ccs\m4f\</path>
         <kind>archive</kind>
         <file>grlib.a</file>
         <name>display.obj</name>
      </input_file>
      <input_file id="fl-1a">
         <path>C:\ti\simplelink_msp432p4_sdk_3_40_01_02\source\ti\grlib\lib\ccs\m4f\</path>
         <kind>archive</kind>
         <file>grlib.a</file>
         <name>fontfixed6x8.obj</name>
      </input_file>
      <input_file id="fl-1b">
         <path>C:\ti\simplelink_msp432p4_sdk_3_40_01_02\source\ti\grlib\lib\ccs\m4f\</path>
         <kind>archive</kind>
         <file>grlib.a</file>
         <name>line.obj</name>
      </input_file>
      <input_file id="fl-1c">
         <path>C:\ti\simplelink_msp432p4_sdk_3_40_01_02\source\ti\grlib\lib\ccs\m4f\</path>
         <kind>archive</kind>
         <file>grlib.a</file>
         <name>rectangle.obj</name>
      </input_file>
      <input_file id="fl-1d">
         <path>C:\ti\simplelink_msp432p4_sdk_3_40_01_02\source\ti\grlib\lib\ccs\m4f\</path>
         <kind>archive</kind>
         <file>grlib.a</file>
         <name>string.obj</name>
      </input_file>
      <input_file id="fl-1e">
         <path>C:\ti\simplelink_msp432p4_sdk_3_40_01_02\source\ti\devices\msp432p4xx\driverlib\ccs\</path>
         <kind>archive</kind>
         <file>msp432p4xx_driverlib.lib</file>
         <name>adc14.o</name>
      </input_file>
      <input_file id="fl-1f">
         <path>C:\ti\simplelink_msp432p4_sdk_3_40_01_02\source\ti\devices\msp432p4xx\driverlib\ccs\</path>
         <kind>archive</kind>
         <file>msp432p4xx_driverlib.lib</file>
         <name>cs.o</name>
      </input_file>
      <input_file id="fl-20">
         <path>C:\ti\simplelink_msp432p4_sdk_3_40_01_02\source\ti\devices\msp432p4xx\driverlib\ccs\</path>
         <kind>archive</kind>
         <file>msp432p4xx_driverlib.lib</file>
         <name>flash.o</name>
      </input_file>
      <input_file id="fl-21">
         <path>C:\ti\simplelink_msp432p4_sdk_3_40_01_02\source\ti\devices\msp432p4xx\driverlib\ccs\</path>
         <kind>archive</kind>
         <file>msp432p4xx_driverlib.lib</file>
         <name>gpio.o</name>
      </input_file>
      <input_file id="fl-22">
         <path>C:\ti\simplelink_msp432p4_sdk_3_40_01_02\source\ti\devices\msp432p4xx\driverlib\ccs\</path>
         <kind>archive</kind>
         <file>msp432p4xx_driverlib.lib</file>
         <name>interrupt.o</name>
      </input_file>
      <input_file id="fl-23">
         <path>C:\ti\simplelink_msp432p4_sdk_3_40_01_02\source\ti\devices\msp432p4xx\driverlib\ccs\</path>
         <kind>archive</kind>
         <file>msp432p4xx_driverlib.lib</file>
         <name>spi.o</name>
      </input_file>
      <input_file id="fl-24">
         <path>C:\ti\simplelink_msp432p4_sdk_3_40_01_02\source\ti\devices\msp432p4xx\driverlib\ccs\</path>
         <kind>archive</kind>
         <file>msp432p4xx_driverlib.lib</file>
         <name>sysctl.o</name>
      </input_file>
      <input_file id="fl-25">
         <path>C:\ti\simplelink_msp432p4_sdk_3_40_01_02\source\ti\devices\msp432p4xx\driverlib\ccs\</path>
         <kind>archive</kind>
         <file>msp432p4xx_driverlib.lib</file>
         <name>sysctl_a.o</name>
      </input_file>
      <input_file id="fl-26">
         <path>C:\ti\simplelink_msp432p4_sdk_3_40_01_02\source\ti\devices\msp432p4xx\driverlib\ccs\</path>
         <kind>archive</kind>
         <file>msp432p4xx_driverlib.lib</file>
         <name>timer32.o</name>
      </input_file>
      <input_file id="fl-27">
         <path>C:\ti\simplelink_msp432p4_sdk_3_40_01_02\source\ti\devices\msp432p4xx\driverlib\ccs\</path>
         <kind>archive</kind>
         <file>msp432p4xx_driverlib.lib</file>
         <name>wdt_a.o</name>
      </input_file>
      <input_file id="fl-28">
         <path>C:\ti\simplelink_msp432p4_sdk_3_40_01_02\source\ti\devices\msp432p4xx\driverlib\ccs\</path>
         <kind>archive</kind>
         <file>msp432p4xx_driverlib.lib</file>
         <name>cpu.o</name>
      </input_file>
      <input_file id="fl-de">
         <path>C:\ti\ccs1000\ccs\tools\compiler\ti-cgt-arm_20.2.0.LTS\lib\</path>
         <kind>archive</kind>
         <file>rtsv7M4_T_le_v4SPD16_eabi.lib</file>
         <name>snprintf.c.obj</name>
      </input_file>
      <input_file id="fl-df">
         <path>C:\ti\ccs1000\ccs\tools\compiler\ti-cgt-arm_20.2.0.LTS\lib\</path>
         <kind>archive</kind>
         <file>rtsv7M4_T_le_v4SPD16_eabi.lib</file>
         <name>sprintf.c.obj</name>
      </input_file>
      <input_file id="fl-e0">
         <path>C:\ti\ccs1000\ccs\tools\compiler\ti-cgt-arm_20.2.0.LTS\lib\</path>
         <kind>archive</kind>
         <file>rtsv7M4_T_le_v4SPD16_eabi.lib</file>
         <name>fd_cmp_t2.asm.obj</name>
      </input_file>
      <input_file id="fl-e1">
         <path>C:\ti\ccs1000\ccs\tools\compiler\ti-cgt-arm_20.2.0.LTS\lib\</path>
         <kind>archive</kind>
         <file>rtsv7M4_T_le_v4SPD16_eabi.lib</file>
         <name>fd_div_t2.asm.obj</name>
      </input_file>
      <input_file id="fl-e2">
         <path>C:\ti\ccs1000\ccs\tools\compiler\ti-cgt-arm_20.2.0.LTS\lib\</path>
         <kind>archive</kind>
         <file>rtsv7M4_T_le_v4SPD16_eabi.lib</file>
         <name>ll_mul_t2.asm.obj</name>
      </input_file>
      <input_file id="fl-e3">
         <path>C:\ti\ccs1000\ccs\tools\compiler\ti-cgt-arm_20.2.0.LTS\lib\</path>
         <kind>archive</kind>
         <file>rtsv7M4_T_le_v4SPD16_eabi.lib</file>
         <name>memcpy_t2.asm.obj</name>
      </input_file>
      <input_file id="fl-e4">
         <path>C:\ti\ccs1000\ccs\tools\compiler\ti-cgt-arm_20.2.0.LTS\lib\</path>
         <kind>archive</kind>
         <file>rtsv7M4_T_le_v4SPD16_eabi.lib</file>
         <name>ull_tofd_t2.asm.obj</name>
      </input_file>
      <input_file id="fl-e5">
         <path>C:\ti\ccs1000\ccs\tools\compiler\ti-cgt-arm_20.2.0.LTS\lib\</path>
         <kind>archive</kind>
         <file>rtsv7M4_T_le_v4SPD16_eabi.lib</file>
         <name>ull_div_t2.asm.obj</name>
      </input_file>
      <input_file id="fl-e6">
         <path>C:\ti\ccs1000\ccs\tools\compiler\ti-cgt-arm_20.2.0.LTS\lib\</path>
         <kind>archive</kind>
         <file>rtsv7M4_T_le_v4SPD16_eabi.lib</file>
         <name>copy_zero_init.c.obj</name>
      </input_file>
      <input_file id="fl-e7">
         <path>C:\ti\ccs1000\ccs\tools\compiler\ti-cgt-arm_20.2.0.LTS\lib\</path>
         <kind>archive</kind>
         <file>rtsv7M4_T_le_v4SPD16_eabi.lib</file>
         <name>copy_decompress_none.c.obj</name>
      </input_file>
      <input_file id="fl-e8">
         <path>C:\ti\ccs1000\ccs\tools\compiler\ti-cgt-arm_20.2.0.LTS\lib\</path>
         <kind>archive</kind>
         <file>rtsv7M4_T_le_v4SPD16_eabi.lib</file>
         <name>copy_decompress_lzss.c.obj</name>
      </input_file>
      <input_file id="fl-e9">
         <path>C:\ti\ccs1000\ccs\tools\compiler\ti-cgt-arm_20.2.0.LTS\lib\</path>
         <kind>archive</kind>
         <file>rtsv7M4_T_le_v4SPD16_eabi.lib</file>
         <name>boot_cortex_m.c.obj</name>
      </input_file>
      <input_file id="fl-ea">
         <path>C:\ti\ccs1000\ccs\tools\compiler\ti-cgt-arm_20.2.0.LTS\lib\</path>
         <kind>archive</kind>
         <file>rtsv7M4_T_le_v4SPD16_eabi.lib</file>
         <name>_printfi.c.obj</name>
      </input_file>
      <input_file id="fl-eb">
         <path>C:\ti\ccs1000\ccs\tools\compiler\ti-cgt-arm_20.2.0.LTS\lib\</path>
         <kind>archive</kind>
         <file>rtsv7M4_T_le_v4SPD16_eabi.lib</file>
         <name>div0.asm.obj</name>
      </input_file>
      <input_file id="fl-ec">
         <path>C:\ti\ccs1000\ccs\tools\compiler\ti-cgt-arm_20.2.0.LTS\lib\</path>
         <kind>archive</kind>
         <file>rtsv7M4_T_le_v4SPD16_eabi.lib</file>
         <name>fd_add_t2.asm.obj</name>
      </input_file>
      <input_file id="fl-ed">
         <path>C:\ti\ccs1000\ccs\tools\compiler\ti-cgt-arm_20.2.0.LTS\lib\</path>
         <kind>archive</kind>
         <file>rtsv7M4_T_le_v4SPD16_eabi.lib</file>
         <name>fd_mul_t2.asm.obj</name>
      </input_file>
      <input_file id="fl-ee">
         <path>C:\ti\ccs1000\ccs\tools\compiler\ti-cgt-arm_20.2.0.LTS\lib\</path>
         <kind>archive</kind>
         <file>rtsv7M4_T_le_v4SPD16_eabi.lib</file>
         <name>fd_toi_t2.asm.obj</name>
      </input_file>
      <input_file id="fl-ef">
         <path>C:\ti\ccs1000\ccs\tools\compiler\ti-cgt-arm_20.2.0.LTS\lib\</path>
         <kind>archive</kind>
         <file>rtsv7M4_T_le_v4SPD16_eabi.lib</file>
         <name>i_tofd_t2.asm.obj</name>
      </input_file>
      <input_file id="fl-f0">
         <path>C:\ti\ccs1000\ccs\tools\compiler\ti-cgt-arm_20.2.0.LTS\lib\</path>
         <kind>archive</kind>
         <file>rtsv7M4_T_le_v4SPD16_eabi.lib</file>
         <name>memset_t2.asm.obj</name>
      </input_file>
      <input_file id="fl-f1">
         <path>C:\ti\ccs1000\ccs\tools\compiler\ti-cgt-arm_20.2.0.LTS\lib\</path>
         <kind>archive</kind>
         <file>rtsv7M4_T_le_v4SPD16_eabi.lib</file>
         <name>autoinit.c.obj</name>
      </input_file>
      <input_file id="fl-f2">
         <path>C:\ti\ccs1000\ccs\tools\compiler\ti-cgt-arm_20.2.0.LTS\lib\</path>
         <kind>archive</kind>
         <file>rtsv7M4_T_le_v4SPD16_eabi.lib</file>
         <name>pre_init.c.obj</name>
      </input_file>
      <input_file id="fl-f3">
         <path>C:\ti\ccs1000\ccs\tools\compiler\ti-cgt-arm_20.2.0.LTS\lib\</path>
         <kind>archive</kind>
         <file>rtsv7M4_T_le_v4SPD16_eabi.lib</file>
         <name>cpy_tbl.c.obj</name>
      </input_file>
      <input_file id="fl-f4">
         <path>C:\ti\ccs1000\ccs\tools\compiler\ti-cgt-arm_20.2.0.LTS\lib\</path>
         <kind>archive</kind>
         <file>rtsv7M4_T_le_v4SPD16_eabi.lib</file>
         <name>exit.c.obj</name>
      </input_file>
      <input_file id="fl-f5">
         <path>C:\ti\ccs1000\ccs\tools\compiler\ti-cgt-arm_20.2.0.LTS\lib\</path>
         <kind>archive</kind>
         <file>rtsv7M4_T_le_v4SPD16_eabi.lib</file>
         <name>_lock.c.obj</name>
      </input_file>
      <input_file id="fl-f6">
         <path>C:\ti\ccs1000\ccs\tools\compiler\ti-cgt-arm_20.2.0.LTS\lib\</path>
         <kind>archive</kind>
         <file>rtsv7M4_T_le_v4SPD16_eabi.lib</file>
         <name>_ltoa.c.obj</name>
      </input_file>
      <input_file id="fl-f7">
         <path>C:\ti\ccs1000\ccs\tools\compiler\ti-cgt-arm_20.2.0.LTS\lib\</path>
         <kind>archive</kind>
         <file>rtsv7M4_T_le_v4SPD16_eabi.lib</file>
         <name>args_main.c.obj</name>
      </input_file>
      <input_file id="fl-f8">
         <path>C:\ti\ccs1000\ccs\tools\compiler\ti-cgt-arm_20.2.0.LTS\lib\</path>
         <kind>archive</kind>
         <file>rtsv7M4_T_le_v4SPD16_eabi.lib</file>
         <name>atoi.c.obj</name>
      </input_file>
      <input_file id="fl-f9">
         <path>C:\ti\ccs1000\ccs\tools\compiler\ti-cgt-arm_20.2.0.LTS\lib\</path>
         <kind>archive</kind>
         <file>rtsv7M4_T_le_v4SPD16_eabi.lib</file>
         <name>ctype.c.obj</name>
      </input_file>
      <input_file id="fl-fa">
         <path>C:\ti\ccs1000\ccs\tools\compiler\ti-cgt-arm_20.2.0.LTS\lib\</path>
         <kind>archive</kind>
         <file>rtsv7M4_T_le_v4SPD16_eabi.lib</file>
         <name>memccpy.c.obj</name>
      </input_file>
      <input_file id="fl-fb">
         <path>C:\ti\ccs1000\ccs\tools\compiler\ti-cgt-arm_20.2.0.LTS\lib\</path>
         <kind>archive</kind>
         <file>rtsv7M4_T_le_v4SPD16_eabi.lib</file>
         <name>strchr.c.obj</name>
      </input_file>
      <input_file id="fl-fc">
         <path>C:\ti\ccs1000\ccs\tools\compiler\ti-cgt-arm_20.2.0.LTS\lib\</path>
         <kind>archive</kind>
         <file>rtsv7M4_T_le_v4SPD16_eabi.lib</file>
         <name>strlen.c.obj</name>
      </input_file>
      <input_file id="fl-fd">
         <path>C:\ti\ccs1000\ccs\tools\compiler\ti-cgt-arm_20.2.0.LTS\lib\</path>
         <kind>archive</kind>
         <file>rtsv7M4_T_le_v4SPD16_eabi.lib</file>
         <name>errno.c.obj</name>
      </input_file>
      <input_file id="fl-fe">
         <path>C:\ti\ccs1000\ccs\tools\compiler\ti-cgt-arm_20.2.0.LTS\lib\</path>
         <kind>archive</kind>
         <file>rtsv7M4_T_le_v4SPD16_eabi.lib</file>
         <name>s_frexp.c.obj</name>
      </input_file>
      <input_file id="fl-ff">
         <path>C:\ti\ccs1000\ccs\tools\compiler\ti-cgt-arm_20.2.0.LTS\lib\</path>
         <kind>archive</kind>
         <file>rtsv7M4_T_le_v4SPD16_eabi.lib</file>
         <name>s_scalbn.c.obj</name>
      </input_file>
      <input_file id="fl-100">
         <path>C:\ti\ccs1000\ccs\tools\compiler\ti-cgt-arm_20.2.0.LTS\lib\</path>
         <kind>archive</kind>
         <file>rtsv7M4_T_le_v4SPD16_eabi.lib</file>
         <name>s_copysign.c.obj</name>
      </input_file>
      <input_file id="fl-101">
         <path>C:\ti\ccs1000\ccs\tools\compiler\ti-cgt-arm_20.2.0.LTS\lib\</path>
         <kind>archive</kind>
         <file>rtsv7M4_T_le_v4SPD16_eabi.lib</file>
         <name>wcslen.c.obj</name>
      </input_file>
   </input_file_list>
   <object_component_list>
      <object_component id="oc-26">
         <name>.intvecs:retain</name>
         <load_address>0x0</load_address>
         <run_address>0x0</run_address>
         <size>0xe4</size>
         <input_file_ref idref="fl-c"/>
      </object_component>
      <object_component id="oc-48e">
         <name>.text:__TI_printfi</name>
         <load_address>0xe4</load_address>
         <run_address>0xe4</run_address>
         <size>0xa4e</size>
         <input_file_ref idref="fl-ea"/>
      </object_component>
      <object_component id="oc-3d3">
         <name>.text:Graphics_drawString</name>
         <load_address>0xb32</load_address>
         <run_address>0xb32</run_address>
         <size>0x47e</size>
         <input_file_ref idref="fl-1d"/>
      </object_component>
      <object_component id="oc-5b2">
         <name>.text:_pconv_a</name>
         <load_address>0xfb0</load_address>
         <run_address>0xfb0</run_address>
         <size>0x270</size>
         <input_file_ref idref="fl-ea"/>
      </object_component>
      <object_component id="oc-640">
         <name>.text:enemy_horizontal_both_sides</name>
         <load_address>0x1220</load_address>
         <run_address>0x1220</run_address>
         <size>0x238</size>
         <input_file_ref idref="fl-2"/>
      </object_component>
      <object_component id="oc-646">
         <name>.text:enemy_horizontal_left</name>
         <load_address>0x1458</load_address>
         <run_address>0x1458</run_address>
         <size>0x234</size>
         <input_file_ref idref="fl-2"/>
      </object_component>
      <object_component id="oc-64c">
         <name>.text:enemy_horizontal_right</name>
         <load_address>0x168c</load_address>
         <run_address>0x168c</run_address>
         <size>0x234</size>
         <input_file_ref idref="fl-2"/>
      </object_component>
      <object_component id="oc-602">
         <name>.text:Graphics_fillCircle</name>
         <load_address>0x18c0</load_address>
         <run_address>0x18c0</run_address>
         <size>0x22a</size>
         <input_file_ref idref="fl-17"/>
      </object_component>
      <object_component id="oc-38c">
         <name>.text:Crystalfontz128x128_PixelDrawMultiple</name>
         <load_address>0x1aea</load_address>
         <run_address>0x1aea</run_address>
         <size>0x1d8</size>
         <input_file_ref idref="fl-a"/>
      </object_component>
      <object_component id="oc-6d">
         <name>.text:Default_Handler</name>
         <load_address>0x1cc2</load_address>
         <run_address>0x1cc2</run_address>
         <size>0x2</size>
         <input_file_ref idref="fl-c"/>
      </object_component>
      <object_component id="oc-5a0">
         <name>.text:_pconv_g</name>
         <load_address>0x1cc4</load_address>
         <run_address>0x1cc4</run_address>
         <size>0x1d0</size>
         <input_file_ref idref="fl-ea"/>
      </object_component>
      <object_component id="oc-652">
         <name>.text:enemy_diagonal</name>
         <load_address>0x1e94</load_address>
         <run_address>0x1e94</run_address>
         <size>0x1ba</size>
         <input_file_ref idref="fl-2"/>
      </object_component>
      <object_component id="oc-693">
         <name>.text</name>
         <load_address>0x204e</load_address>
         <run_address>0x204e</run_address>
         <size>0x1b6</size>
         <input_file_ref idref="fl-ec"/>
      </object_component>
      <object_component id="oc-634">
         <name>.text:enemy_vertical</name>
         <load_address>0x2204</load_address>
         <run_address>0x2204</run_address>
         <size>0x1a4</size>
         <input_file_ref idref="fl-2"/>
      </object_component>
      <object_component id="oc-63a">
         <name>.text:enemy_horizontal</name>
         <load_address>0x23a8</load_address>
         <run_address>0x23a8</run_address>
         <size>0x1a0</size>
         <input_file_ref idref="fl-2"/>
      </object_component>
      <object_component id="oc-175">
         <name>.text:CS_setDCOFrequency</name>
         <load_address>0x2548</load_address>
         <run_address>0x2548</run_address>
         <size>0x19c</size>
         <input_file_ref idref="fl-1f"/>
      </object_component>
      <object_component id="oc-24b">
         <name>.text:Instruction_Screen</name>
         <load_address>0x26e4</load_address>
         <run_address>0x26e4</run_address>
         <size>0x190</size>
         <input_file_ref idref="fl-2"/>
      </object_component>
      <object_component id="oc-251">
         <name>.text:Score_Screen</name>
         <load_address>0x2874</load_address>
         <run_address>0x2874</run_address>
         <size>0x184</size>
         <input_file_ref idref="fl-2"/>
      </object_component>
      <object_component id="oc-4dd">
         <name>.text:Graphics_clipLine</name>
         <load_address>0x29f8</load_address>
         <run_address>0x29f8</run_address>
         <size>0x180</size>
         <input_file_ref idref="fl-1b"/>
      </object_component>
      <object_component id="oc-3d9">
         <name>.text:Graphics_drawLine</name>
         <load_address>0x2b78</load_address>
         <run_address>0x2b78</run_address>
         <size>0x174</size>
         <input_file_ref idref="fl-1b"/>
      </object_component>
      <object_component id="oc-47e">
         <name>.text:_getIndexForMemRegister</name>
         <load_address>0x2cec</load_address>
         <run_address>0x2cec</run_address>
         <size>0x160</size>
         <input_file_ref idref="fl-1e"/>
      </object_component>
      <object_component id="oc-ec">
         <name>.text:Application_construct</name>
         <load_address>0x2e4c</load_address>
         <run_address>0x2e4c</run_address>
         <size>0x154</size>
         <input_file_ref idref="fl-2"/>
      </object_component>
      <object_component id="oc-23f">
         <name>.text:Home_Screen</name>
         <load_address>0x2fa0</load_address>
         <run_address>0x2fa0</run_address>
         <size>0x150</size>
         <input_file_ref idref="fl-2"/>
      </object_component>
      <object_component id="oc-5ac">
         <name>.text:_pconv_e</name>
         <load_address>0x30f0</load_address>
         <run_address>0x30f0</run_address>
         <size>0x13c</size>
         <input_file_ref idref="fl-ea"/>
      </object_component>
      <object_component id="oc-679">
         <name>.text</name>
         <load_address>0x322c</load_address>
         <run_address>0x322c</run_address>
         <size>0x136</size>
         <input_file_ref idref="fl-e1"/>
      </object_component>
      <object_component id="oc-464">
         <name>.text</name>
         <load_address>0x3362</load_address>
         <run_address>0x3362</run_address>
         <size>0x2</size>
         <input_file_ref idref="fl-eb"/>
      </object_component>
      <object_component id="oc-30f">
         <name>.text:Crystalfontz128x128_SetDrawFrame</name>
         <load_address>0x3364</load_address>
         <run_address>0x3364</run_address>
         <size>0x134</size>
         <input_file_ref idref="fl-a"/>
      </object_component>
      <object_component id="oc-17b">
         <name>.text:CS_initClockSignal</name>
         <load_address>0x3498</load_address>
         <run_address>0x3498</run_address>
         <size>0x130</size>
         <input_file_ref idref="fl-1f"/>
      </object_component>
      <object_component id="oc-1ac">
         <name>.text:Crystalfontz128x128_Init</name>
         <load_address>0x35c8</load_address>
         <run_address>0x35c8</run_address>
         <size>0x12c</size>
         <input_file_ref idref="fl-a"/>
      </object_component>
      <object_component id="oc-6a5">
         <name>.text:fcvt</name>
         <load_address>0x36f4</load_address>
         <run_address>0x36f4</run_address>
         <size>0x124</size>
         <input_file_ref idref="fl-ea"/>
      </object_component>
      <object_component id="oc-5fb">
         <name>.text:Graphics_fillRectangle</name>
         <load_address>0x3818</load_address>
         <run_address>0x3818</run_address>
         <size>0x112</size>
         <input_file_ref idref="fl-1c"/>
      </object_component>
      <object_component id="oc-52f">
         <name>.text:enemy_collision_check</name>
         <load_address>0x392a</load_address>
         <run_address>0x392a</run_address>
         <size>0x110</size>
         <input_file_ref idref="fl-2"/>
      </object_component>
      <object_component id="oc-529">
         <name>.text:player_collision_check</name>
         <load_address>0x3a3a</load_address>
         <run_address>0x3a3a</run_address>
         <size>0x110</size>
         <input_file_ref idref="fl-2"/>
      </object_component>
      <object_component id="oc-6b9">
         <name>.text:scalbn</name>
         <load_address>0x3b4c</load_address>
         <run_address>0x3b4c</run_address>
         <size>0x110</size>
         <input_file_ref idref="fl-ff"/>
      </object_component>
      <object_component id="oc-674">
         <name>.text</name>
         <load_address>0x3c5c</load_address>
         <run_address>0x3c5c</run_address>
         <size>0xfc</size>
         <input_file_ref idref="fl-ed"/>
      </object_component>
      <object_component id="oc-4a7">
         <name>.text:Graphics_getStringWidth</name>
         <load_address>0x3d58</load_address>
         <run_address>0x3d58</run_address>
         <size>0xfa</size>
         <input_file_ref idref="fl-1d"/>
      </object_component>
      <object_component id="oc-617">
         <name>.text:MoveSquare</name>
         <load_address>0x3e52</load_address>
         <run_address>0x3e52</run_address>
         <size>0xea</size>
         <input_file_ref idref="fl-2"/>
      </object_component>
      <object_component id="oc-3ec">
         <name>.text:Display_Game</name>
         <load_address>0x3f3c</load_address>
         <run_address>0x3f3c</run_address>
         <size>0xe8</size>
         <input_file_ref idref="fl-2"/>
      </object_component>
      <object_component id="oc-1f5">
         <name>.text:Start_Screen</name>
         <load_address>0x4024</load_address>
         <run_address>0x4024</run_address>
         <size>0xe7</size>
         <input_file_ref idref="fl-2"/>
      </object_component>
      <object_component id="oc-225">
         <name>.text:Button_refresh</name>
         <load_address>0x410c</load_address>
         <run_address>0x410c</run_address>
         <size>0xe6</size>
         <input_file_ref idref="fl-4"/>
      </object_component>
      <object_component id="oc-4ff">
         <name>.text:Victory_Screen</name>
         <load_address>0x41f4</load_address>
         <run_address>0x41f4</run_address>
         <size>0xe2</size>
         <input_file_ref idref="fl-2"/>
      </object_component>
      <object_component id="oc-263">
         <name>.text:GameOver_Screen</name>
         <load_address>0x42d8</load_address>
         <run_address>0x42d8</run_address>
         <size>0xda</size>
         <input_file_ref idref="fl-2"/>
      </object_component>
      <object_component id="oc-104">
         <name>.text:Application_loop</name>
         <load_address>0x43b2</load_address>
         <run_address>0x43b2</run_address>
         <size>0xc0</size>
         <input_file_ref idref="fl-2"/>
      </object_component>
      <object_component id="oc-245">
         <name>.text:Main_Menu</name>
         <load_address>0x4472</load_address>
         <run_address>0x4472</run_address>
         <size>0xb8</size>
         <input_file_ref idref="fl-2"/>
      </object_component>
      <object_component id="oc-257">
         <name>.text:reset_game</name>
         <load_address>0x452a</load_address>
         <run_address>0x452a</run_address>
         <size>0xb8</size>
         <input_file_ref idref="fl-2"/>
      </object_component>
      <object_component id="oc-35d">
         <name>.text:ADC14_configureConversionMemory</name>
         <load_address>0x45e4</load_address>
         <run_address>0x45e4</run_address>
         <size>0xb4</size>
         <input_file_ref idref="fl-1e"/>
      </object_component>
      <object_component id="oc-350">
         <name>.text:ADC14_configureMultiSequenceMode</name>
         <load_address>0x4698</load_address>
         <run_address>0x4698</run_address>
         <size>0xb4</size>
         <input_file_ref idref="fl-1e"/>
      </object_component>
      <object_component id="oc-25d">
         <name>.text:Game_Pause</name>
         <load_address>0x474c</load_address>
         <run_address>0x474c</run_address>
         <size>0xb1</size>
         <input_file_ref idref="fl-2"/>
      </object_component>
      <object_component id="oc-595">
         <name>.text:_ltostr</name>
         <load_address>0x4800</load_address>
         <run_address>0x4800</run_address>
         <size>0xb1</size>
         <input_file_ref idref="fl-ea"/>
      </object_component>
      <object_component id="oc-44a">
         <name>.text:SPI_initMaster</name>
         <load_address>0x48b2</load_address>
         <run_address>0x48b2</run_address>
         <size>0xb0</size>
         <input_file_ref idref="fl-23"/>
      </object_component>
      <object_component id="oc-62c">
         <name>.text:delete_P1_rockets</name>
         <load_address>0x4962</load_address>
         <run_address>0x4962</run_address>
         <size>0xa6</size>
         <input_file_ref idref="fl-2"/>
      </object_component>
      <object_component id="oc-6ff">
         <name>.text:delete_enemy_rockets</name>
         <load_address>0x4a08</load_address>
         <run_address>0x4a08</run_address>
         <size>0xa6</size>
         <input_file_ref idref="fl-2"/>
      </object_component>
      <object_component id="oc-50b">
         <name>.text:move_enemy</name>
         <load_address>0x4aae</load_address>
         <run_address>0x4aae</run_address>
         <size>0xa0</size>
         <input_file_ref idref="fl-2"/>
      </object_component>
      <object_component id="oc-e6">
         <name>.text:HAL_construct</name>
         <load_address>0x4b4e</load_address>
         <run_address>0x4b4e</run_address>
         <size>0x9e</size>
         <input_file_ref idref="fl-6"/>
      </object_component>
      <object_component id="oc-39e">
         <name>.text:Crystalfontz128x128_RectFill</name>
         <load_address>0x4bec</load_address>
         <run_address>0x4bec</run_address>
         <size>0x9c</size>
         <input_file_ref idref="fl-a"/>
      </object_component>
      <object_component id="oc-4ca">
         <name>.text:Graphics_drawLineH</name>
         <load_address>0x4c88</load_address>
         <run_address>0x4c88</run_address>
         <size>0x9c</size>
         <input_file_ref idref="fl-1b"/>
      </object_component>
      <object_component id="oc-4d7">
         <name>.text:Graphics_drawLineV</name>
         <load_address>0x4d24</load_address>
         <run_address>0x4d24</run_address>
         <size>0x9c</size>
         <input_file_ref idref="fl-1b"/>
      </object_component>
      <object_component id="oc-37">
         <name>.text</name>
         <load_address>0x4dc0</load_address>
         <run_address>0x4dc0</run_address>
         <size>0x9c</size>
         <input_file_ref idref="fl-e3"/>
      </object_component>
      <object_component id="oc-320">
         <name>.text</name>
         <load_address>0x4e5c</load_address>
         <run_address>0x4e5c</run_address>
         <size>0x96</size>
         <input_file_ref idref="fl-e5"/>
      </object_component>
      <object_component id="oc-51d">
         <name>.text:P1_Rockets_display</name>
         <load_address>0x4ef2</load_address>
         <run_address>0x4ef2</run_address>
         <size>0x94</size>
         <input_file_ref idref="fl-2"/>
      </object_component>
      <object_component id="oc-2cd">
         <name>.text:SysCtl_A_getTLVInfo</name>
         <load_address>0x4f88</load_address>
         <run_address>0x4f88</run_address>
         <size>0x94</size>
         <input_file_ref idref="fl-25"/>
      </object_component>
      <object_component id="oc-74f">
         <name>.text:enemy_launch_status</name>
         <load_address>0x501c</load_address>
         <run_address>0x501c</run_address>
         <size>0x92</size>
         <input_file_ref idref="fl-2"/>
      </object_component>
      <object_component id="oc-511">
         <name>.text:P1_Rockets</name>
         <load_address>0x50ae</load_address>
         <run_address>0x50ae</run_address>
         <size>0x8a</size>
         <input_file_ref idref="fl-2"/>
      </object_component>
      <object_component id="oc-2d9">
         <name>.text:CS_tuneDCOFrequency</name>
         <load_address>0x5138</load_address>
         <run_address>0x5138</run_address>
         <size>0x88</size>
         <input_file_ref idref="fl-1f"/>
      </object_component>
      <object_component id="oc-363">
         <name>.text:GPIO_setAsPeripheralModuleFunctionInputPin</name>
         <load_address>0x51c0</load_address>
         <run_address>0x51c0</run_address>
         <size>0x88</size>
         <input_file_ref idref="fl-21"/>
      </object_component>
      <object_component id="oc-443">
         <name>.text:GPIO_setAsPeripheralModuleFunctionOutputPin</name>
         <load_address>0x5248</load_address>
         <run_address>0x5248</run_address>
         <size>0x88</size>
         <input_file_ref idref="fl-21"/>
      </object_component>
      <object_component id="oc-59b">
         <name>.text:__aeabi_cdcmple</name>
         <load_address>0x52d0</load_address>
         <run_address>0x52d0</run_address>
         <size>0x86</size>
         <input_file_ref idref="fl-e0"/>
      </object_component>
      <object_component id="oc-67e">
         <name>.text:__aeabi_cdrcmple</name>
         <load_address>0x5356</load_address>
         <run_address>0x5356</run_address>
         <size>0x86</size>
         <input_file_ref idref="fl-e0"/>
      </object_component>
      <object_component id="oc-199">
         <name>.text:Interrupt_enableInterrupt</name>
         <load_address>0x53dc</load_address>
         <run_address>0x53dc</run_address>
         <size>0x80</size>
         <input_file_ref idref="fl-22"/>
      </object_component>
      <object_component id="oc-505">
         <name>.text:JoystickCheck</name>
         <load_address>0x545c</load_address>
         <run_address>0x545c</run_address>
         <size>0x80</size>
         <input_file_ref idref="fl-2"/>
      </object_component>
      <object_component id="oc-4f9">
         <name>.text:Display_Enemy_HP</name>
         <load_address>0x54dc</load_address>
         <run_address>0x54dc</run_address>
         <size>0x7b</size>
         <input_file_ref idref="fl-2"/>
      </object_component>
      <object_component id="oc-4f3">
         <name>.text:Display_Player_HP</name>
         <load_address>0x5558</load_address>
         <run_address>0x5558</run_address>
         <size>0x7b</size>
         <input_file_ref idref="fl-2"/>
      </object_component>
      <object_component id="oc-93">
         <name>.text</name>
         <load_address>0x55d4</load_address>
         <run_address>0x55d4</run_address>
         <size>0x7a</size>
         <input_file_ref idref="fl-f0"/>
      </object_component>
      <object_component id="oc-e0">
         <name>.text:InitSystemTiming</name>
         <load_address>0x5650</load_address>
         <run_address>0x5650</run_address>
         <size>0x78</size>
         <input_file_ref idref="fl-8"/>
      </object_component>
      <object_component id="oc-b1">
         <name>.text:SystemInit</name>
         <load_address>0x56c8</load_address>
         <run_address>0x56c8</run_address>
         <size>0x78</size>
         <input_file_ref idref="fl-3"/>
      </object_component>
      <object_component id="oc-60a">
         <name>.text:update_score</name>
         <load_address>0x5740</load_address>
         <run_address>0x5740</run_address>
         <size>0x72</size>
         <input_file_ref idref="fl-2"/>
      </object_component>
      <object_component id="oc-69e">
         <name>.text:_mcpy</name>
         <load_address>0x57b2</load_address>
         <run_address>0x57b2</run_address>
         <size>0x6e</size>
         <input_file_ref idref="fl-ea"/>
      </object_component>
      <object_component id="oc-517">
         <name>.text:P1_Rockets_move</name>
         <load_address>0x5820</load_address>
         <run_address>0x5820</run_address>
         <size>0x6c</size>
         <input_file_ref idref="fl-2"/>
      </object_component>
      <object_component id="oc-181">
         <name>.text:Timer32_initModule</name>
         <load_address>0x588c</load_address>
         <run_address>0x588c</run_address>
         <size>0x68</size>
         <input_file_ref idref="fl-26"/>
      </object_component>
      <object_component id="oc-17">
         <name>.text:decompress:lzss:__TI_decompress_lzss</name>
         <load_address>0x58f4</load_address>
         <run_address>0x58f4</run_address>
         <size>0x68</size>
         <input_file_ref idref="fl-e8"/>
      </object_component>
      <object_component id="oc-5f1">
         <name>.text:Graphics_getClipCode</name>
         <load_address>0x595c</load_address>
         <run_address>0x595c</run_address>
         <size>0x64</size>
         <input_file_ref idref="fl-1b"/>
      </object_component>
      <object_component id="oc-523">
         <name>.text:choose_enemy_pattern</name>
         <load_address>0x59c0</load_address>
         <run_address>0x59c0</run_address>
         <size>0x64</size>
         <input_file_ref idref="fl-2"/>
      </object_component>
      <object_component id="oc-6b3">
         <name>.text:frexp</name>
         <load_address>0x5a24</load_address>
         <run_address>0x5a24</run_address>
         <size>0x64</size>
         <input_file_ref idref="fl-fe"/>
      </object_component>
      <object_component id="oc-392">
         <name>.text:Crystalfontz128x128_LineDrawH</name>
         <load_address>0x5a88</load_address>
         <run_address>0x5a88</run_address>
         <size>0x60</size>
         <input_file_ref idref="fl-a"/>
      </object_component>
      <object_component id="oc-398">
         <name>.text:Crystalfontz128x128_LineDrawV</name>
         <load_address>0x5ae8</load_address>
         <run_address>0x5ae8</run_address>
         <size>0x60</size>
         <input_file_ref idref="fl-a"/>
      </object_component>
      <object_component id="oc-1a6">
         <name>.text:Button_construct</name>
         <load_address>0x5b48</load_address>
         <run_address>0x5b48</run_address>
         <size>0x5c</size>
         <input_file_ref idref="fl-4"/>
      </object_component>
      <object_component id="oc-20b">
         <name>.text:GPIO_setAsInputPinWithPullUpResistor</name>
         <load_address>0x5ba4</load_address>
         <run_address>0x5ba4</run_address>
         <size>0x58</size>
         <input_file_ref idref="fl-21"/>
      </object_component>
      <object_component id="oc-3cc">
         <name>.text:SWTimer_elapsedCycles</name>
         <load_address>0x5bfc</load_address>
         <run_address>0x5bfc</run_address>
         <size>0x58</size>
         <input_file_ref idref="fl-8"/>
      </object_component>
      <object_component id="oc-5a6">
         <name>.text:_pconv_f</name>
         <load_address>0x5c54</load_address>
         <run_address>0x5c54</run_address>
         <size>0x56</size>
         <input_file_ref idref="fl-ea"/>
      </object_component>
      <object_component id="oc-34a">
         <name>.text:ADC14_initModule</name>
         <load_address>0x5cac</load_address>
         <run_address>0x5cac</run_address>
         <size>0x54</size>
         <input_file_ref idref="fl-1e"/>
      </object_component>
      <object_component id="oc-1b2">
         <name>.text:Crystalfontz128x128_SetOrientation</name>
         <load_address>0x5d00</load_address>
         <run_address>0x5d00</run_address>
         <size>0x54</size>
         <input_file_ref idref="fl-a"/>
      </object_component>
      <object_component id="oc-1b9">
         <name>.text:SWTimer_construct</name>
         <load_address>0x5d54</load_address>
         <run_address>0x5d54</run_address>
         <size>0x54</size>
         <input_file_ref idref="fl-8"/>
      </object_component>
      <object_component id="oc-688">
         <name>.text:__TI_ltoa</name>
         <load_address>0x5da8</load_address>
         <run_address>0x5da8</run_address>
         <size>0x54</size>
         <input_file_ref idref="fl-f6"/>
      </object_component>
      <object_component id="oc-1c5">
         <name>.text:Graphics_initContext</name>
         <load_address>0x5dfc</load_address>
         <run_address>0x5dfc</run_address>
         <size>0x52</size>
         <input_file_ref idref="fl-18"/>
      </object_component>
      <object_component id="oc-698">
         <name>.text:_ecpy</name>
         <load_address>0x5e4e</load_address>
         <run_address>0x5e4e</run_address>
         <size>0x52</size>
         <input_file_ref idref="fl-ea"/>
      </object_component>
      <object_component id="oc-58f">
         <name>.text:atoi</name>
         <load_address>0x5ea0</load_address>
         <run_address>0x5ea0</run_address>
         <size>0x4c</size>
         <input_file_ref idref="fl-f8"/>
      </object_component>
      <object_component id="oc-3f7">
         <name>.text:snprintf</name>
         <load_address>0x5eec</load_address>
         <run_address>0x5eec</run_address>
         <size>0x4c</size>
         <input_file_ref idref="fl-de"/>
      </object_component>
      <object_component id="oc-1a0">
         <name>.text:LED_construct</name>
         <load_address>0x5f38</load_address>
         <run_address>0x5f38</run_address>
         <size>0x4a</size>
         <input_file_ref idref="fl-7"/>
      </object_component>
      <object_component id="oc-624">
         <name>.text:Display_enemy</name>
         <load_address>0x5f82</load_address>
         <run_address>0x5f82</run_address>
         <size>0x48</size>
         <input_file_ref idref="fl-2"/>
      </object_component>
      <object_component id="oc-16f">
         <name>.text:FlashCtl_setWaitState</name>
         <load_address>0x5fcc</load_address>
         <run_address>0x5fcc</run_address>
         <size>0x48</size>
         <input_file_ref idref="fl-20"/>
      </object_component>
      <object_component id="oc-37d">
         <name>.text:Graphics_drawStringCentered</name>
         <load_address>0x6014</load_address>
         <run_address>0x6014</run_address>
         <size>0x48</size>
         <input_file_ref idref="fl-1d"/>
      </object_component>
      <object_component id="oc-683">
         <name>.text</name>
         <load_address>0x605c</load_address>
         <run_address>0x605c</run_address>
         <size>0x48</size>
         <input_file_ref idref="fl-ee"/>
      </object_component>
      <object_component id="oc-4ed">
         <name>.text:Display_p1</name>
         <load_address>0x60a4</load_address>
         <run_address>0x60a4</run_address>
         <size>0x46</size>
         <input_file_ref idref="fl-2"/>
      </object_component>
      <object_component id="oc-6f5">
         <name>.text:Erase_p1</name>
         <load_address>0x60ea</load_address>
         <run_address>0x60ea</run_address>
         <size>0x46</size>
         <input_file_ref idref="fl-2"/>
      </object_component>
      <object_component id="oc-61e">
         <name>.text:delete_previous_enemy</name>
         <load_address>0x6130</load_address>
         <run_address>0x6130</run_address>
         <size>0x46</size>
         <input_file_ref idref="fl-2"/>
      </object_component>
      <object_component id="oc-4e7">
         <name>.text:update_difficulty</name>
         <load_address>0x6176</load_address>
         <run_address>0x6176</run_address>
         <size>0x46</size>
         <input_file_ref idref="fl-2"/>
      </object_component>
      <object_component id="oc-126">
         <name>.text:__TI_auto_init_nobinit_nopinit:__TI_auto_init_nobinit_nopinit</name>
         <load_address>0x61bc</load_address>
         <run_address>0x61bc</run_address>
         <size>0x44</size>
         <input_file_ref idref="fl-f1"/>
      </object_component>
      <object_component id="oc-386">
         <name>.text:Crystalfontz128x128_PixelDraw</name>
         <load_address>0x6200</load_address>
         <run_address>0x6200</run_address>
         <size>0x40</size>
         <input_file_ref idref="fl-a"/>
      </object_component>
      <object_component id="oc-205">
         <name>.text:GPIO_setAsOutputPin</name>
         <load_address>0x6240</load_address>
         <run_address>0x6240</run_address>
         <size>0x40</size>
         <input_file_ref idref="fl-21"/>
      </object_component>
      <object_component id="oc-4c4">
         <name>.text:Graphics_getNumberOfLeadingZeros</name>
         <load_address>0x6280</load_address>
         <run_address>0x6280</run_address>
         <size>0x40</size>
         <input_file_ref idref="fl-1d"/>
      </object_component>
      <object_component id="oc-2fd">
         <name>.text:HAL_LCD_SpiInit</name>
         <load_address>0x62c0</load_address>
         <run_address>0x62c0</run_address>
         <size>0x40</size>
         <input_file_ref idref="fl-b"/>
      </object_component>
      <object_component id="oc-568">
         <name>.text:is_A_Module</name>
         <load_address>0x6300</load_address>
         <run_address>0x6300</run_address>
         <size>0x40</size>
         <input_file_ref idref="fl-23"/>
      </object_component>
      <object_component id="oc-377">
         <name>.text:sprintf</name>
         <load_address>0x6340</load_address>
         <run_address>0x6340</run_address>
         <size>0x40</size>
         <input_file_ref idref="fl-df"/>
      </object_component>
      <object_component id="oc-6ab">
         <name>.text:_fcpy</name>
         <load_address>0x6380</load_address>
         <run_address>0x6380</run_address>
         <size>0x3e</size>
         <input_file_ref idref="fl-ea"/>
      </object_component>
      <object_component id="oc-303">
         <name>.text:HAL_LCD_writeCommand</name>
         <load_address>0x63c0</load_address>
         <run_address>0x63c0</run_address>
         <size>0x38</size>
         <input_file_ref idref="fl-b"/>
      </object_component>
      <object_component id="oc-18d">
         <name>.text:Timer32_startTimer</name>
         <load_address>0x63f8</load_address>
         <run_address>0x63f8</run_address>
         <size>0x38</size>
         <input_file_ref idref="fl-26"/>
      </object_component>
      <object_component id="oc-5e2">
         <name>.text:Graphics_drawHorizontalLineOnDisplay</name>
         <load_address>0x6430</load_address>
         <run_address>0x6430</run_address>
         <size>0x36</size>
         <input_file_ref idref="fl-19"/>
      </object_component>
      <object_component id="oc-5ea">
         <name>.text:Graphics_drawVerticalLineOnDisplay</name>
         <load_address>0x6466</load_address>
         <run_address>0x6466</run_address>
         <size>0x36</size>
         <input_file_ref idref="fl-19"/>
      </object_component>
      <object_component id="oc-356">
         <name>.text:ADC14_enableSampleTimer</name>
         <load_address>0x649c</load_address>
         <run_address>0x649c</run_address>
         <size>0x34</size>
         <input_file_ref idref="fl-1e"/>
      </object_component>
      <object_component id="oc-2d3">
         <name>.text:CS_setDCOCenteredFrequency</name>
         <load_address>0x64d0</load_address>
         <run_address>0x64d0</run_address>
         <size>0x34</size>
         <input_file_ref idref="fl-1f"/>
      </object_component>
      <object_component id="oc-187">
         <name>.text:Timer32_setCount</name>
         <load_address>0x6504</load_address>
         <run_address>0x6504</run_address>
         <size>0x34</size>
         <input_file_ref idref="fl-26"/>
      </object_component>
      <object_component id="oc-55">
         <name>.text:_c_int00_noargs:_c_int00_noargs</name>
         <load_address>0x6538</load_address>
         <run_address>0x6538</run_address>
         <size>0x34</size>
         <input_file_ref idref="fl-e9"/>
      </object_component>
      <object_component id="oc-9f">
         <name>.text:main</name>
         <load_address>0x656c</load_address>
         <run_address>0x656c</run_address>
         <size>0x32</size>
         <input_file_ref idref="fl-2"/>
      </object_component>
      <object_component id="oc-218">
         <name>.text:GPIO_getInputPinValue</name>
         <load_address>0x65a0</load_address>
         <run_address>0x65a0</run_address>
         <size>0x30</size>
         <input_file_ref idref="fl-21"/>
      </object_component>
      <object_component id="oc-2f7">
         <name>.text:HAL_LCD_PortInit</name>
         <load_address>0x65d0</load_address>
         <run_address>0x65d0</run_address>
         <size>0x30</size>
         <input_file_ref idref="fl-b"/>
      </object_component>
      <object_component id="oc-538">
         <name>.text:_outs</name>
         <load_address>0x6600</load_address>
         <run_address>0x6600</run_address>
         <size>0x30</size>
         <input_file_ref idref="fl-de"/>
      </object_component>
      <object_component id="oc-705">
         <name>.text:change_enemy_pattern</name>
         <load_address>0x6630</load_address>
         <run_address>0x6630</run_address>
         <size>0x30</size>
         <input_file_ref idref="fl-2"/>
      </object_component>
      <object_component id="oc-1e9">
         <name>.text:initJoyStick</name>
         <load_address>0x6660</load_address>
         <run_address>0x6660</run_address>
         <size>0x30</size>
         <input_file_ref idref="fl-9"/>
      </object_component>
      <object_component id="oc-fe">
         <name>.text:HAL_refresh</name>
         <load_address>0x6690</load_address>
         <run_address>0x6690</run_address>
         <size>0x2e</size>
         <input_file_ref idref="fl-6"/>
      </object_component>
      <object_component id="oc-68e">
         <name>.text</name>
         <load_address>0x66be</load_address>
         <run_address>0x66be</run_address>
         <size>0x2e</size>
         <input_file_ref idref="fl-ef"/>
      </object_component>
      <object_component id="oc-370">
         <name>.text:ADC14_toggleConversionTrigger</name>
         <load_address>0x66ec</load_address>
         <run_address>0x66ec</run_address>
         <size>0x2c</size>
         <input_file_ref idref="fl-1e"/>
      </object_component>
      <object_component id="oc-3b0">
         <name>.text:Crystalfontz128x128_ClearScreen</name>
         <load_address>0x6718</load_address>
         <run_address>0x6718</run_address>
         <size>0x2c</size>
         <input_file_ref idref="fl-a"/>
      </object_component>
      <object_component id="oc-4d0">
         <name>.text:Graphics_drawPixelOnDisplay</name>
         <load_address>0x6744</load_address>
         <run_address>0x6744</run_address>
         <size>0x2c</size>
         <input_file_ref idref="fl-19"/>
      </object_component>
      <object_component id="oc-309">
         <name>.text:HAL_LCD_writeData</name>
         <load_address>0x6770</load_address>
         <run_address>0x6770</run_address>
         <size>0x2c</size>
         <input_file_ref idref="fl-b"/>
      </object_component>
      <object_component id="oc-239">
         <name>.text:SWTimer_expired</name>
         <load_address>0x679c</load_address>
         <run_address>0x679c</run_address>
         <size>0x2a</size>
         <input_file_ref idref="fl-8"/>
      </object_component>
      <object_component id="oc-36a">
         <name>.text:ADC14_enableConversion</name>
         <load_address>0x67c8</load_address>
         <run_address>0x67c8</run_address>
         <size>0x28</size>
         <input_file_ref idref="fl-1e"/>
      </object_component>
      <object_component id="oc-6ed">
         <name>.text:ADC14_getResult</name>
         <load_address>0x67f0</load_address>
         <run_address>0x67f0</run_address>
         <size>0x28</size>
         <input_file_ref idref="fl-1e"/>
      </object_component>
      <object_component id="oc-3a4">
         <name>.text:Crystalfontz128x128_ColorTranslate</name>
         <load_address>0x6818</load_address>
         <run_address>0x6818</run_address>
         <size>0x28</size>
         <input_file_ref idref="fl-a"/>
      </object_component>
      <object_component id="oc-21e">
         <name>.text:GPIO_setOutputHighOnPin</name>
         <load_address>0x6840</load_address>
         <run_address>0x6840</run_address>
         <size>0x28</size>
         <input_file_ref idref="fl-21"/>
      </object_component>
      <object_component id="oc-212">
         <name>.text:GPIO_setOutputLowOnPin</name>
         <load_address>0x6868</load_address>
         <run_address>0x6868</run_address>
         <size>0x28</size>
         <input_file_ref idref="fl-21"/>
      </object_component>
      <object_component id="oc-73">
         <name>.text:T32_INT1_IRQHandler</name>
         <load_address>0x6890</load_address>
         <run_address>0x6890</run_address>
         <size>0x28</size>
         <input_file_ref idref="fl-8"/>
      </object_component>
      <object_component id="oc-1e3">
         <name>.text:initADC</name>
         <load_address>0x68b8</load_address>
         <run_address>0x68b8</run_address>
         <size>0x26</size>
         <input_file_ref idref="fl-9"/>
      </object_component>
      <object_component id="oc-1bf">
         <name>.text:SWTimer_start</name>
         <load_address>0x68e0</load_address>
         <run_address>0x68e0</run_address>
         <size>0x24</size>
         <input_file_ref idref="fl-8"/>
      </object_component>
      <object_component id="oc-da">
         <name>.text:WDT_A_holdTimer</name>
         <load_address>0x6904</load_address>
         <run_address>0x6904</run_address>
         <size>0x24</size>
         <input_file_ref idref="fl-27"/>
      </object_component>
      <object_component id="oc-3e6">
         <name>.text:CircularDecrement</name>
         <load_address>0x6928</load_address>
         <run_address>0x6928</run_address>
         <size>0x22</size>
         <input_file_ref idref="fl-2"/>
      </object_component>
      <object_component id="oc-6e3">
         <name>.text:Graphics_fillRectangleOnDisplay</name>
         <load_address>0x694a</load_address>
         <run_address>0x694a</run_address>
         <size>0x1e</size>
         <input_file_ref idref="fl-19"/>
      </object_component>
      <object_component id="oc-f8">
         <name>.text:PollNonBlockingLED</name>
         <load_address>0x6968</load_address>
         <run_address>0x6968</run_address>
         <size>0x1e</size>
         <input_file_ref idref="fl-2"/>
      </object_component>
      <object_component id="oc-450">
         <name>.text:SPI_enableModule</name>
         <load_address>0x6986</load_address>
         <run_address>0x6986</run_address>
         <size>0x1c</size>
         <input_file_ref idref="fl-23"/>
      </object_component>
      <object_component id="oc-43">
         <name>.text:decompress:ZI:__TI_zero_init_nomemset:__TI_zero_init_nomemset</name>
         <load_address>0x69a2</load_address>
         <run_address>0x69a2</run_address>
         <size>0x1c</size>
         <input_file_ref idref="fl-e6"/>
      </object_component>
      <object_component id="oc-611">
         <name>.text:getSampleJoyStick</name>
         <load_address>0x69be</load_address>
         <run_address>0x69be</run_address>
         <size>0x1c</size>
         <input_file_ref idref="fl-9"/>
      </object_component>
      <object_component id="oc-5b8">
         <name>.text:memccpy</name>
         <load_address>0x69da</load_address>
         <run_address>0x69da</run_address>
         <size>0x1c</size>
         <input_file_ref idref="fl-fa"/>
      </object_component>
      <object_component id="oc-3e0">
         <name>.text:CircularIncrement</name>
         <load_address>0x69f6</load_address>
         <run_address>0x69f6</run_address>
         <size>0x1a</size>
         <input_file_ref idref="fl-2"/>
      </object_component>
      <object_component id="oc-33d">
         <name>.text:Graphics_clearDisplayOnDisplay</name>
         <load_address>0x6a10</load_address>
         <run_address>0x6a10</run_address>
         <size>0x1a</size>
         <input_file_ref idref="fl-19"/>
      </object_component>
      <object_component id="oc-1d7">
         <name>.text:Graphics_setBackgroundColor</name>
         <load_address>0x6a2a</load_address>
         <run_address>0x6a2a</run_address>
         <size>0x1a</size>
         <input_file_ref idref="fl-18"/>
      </object_component>
      <object_component id="oc-1cb">
         <name>.text:Graphics_setFont</name>
         <load_address>0x6a44</load_address>
         <run_address>0x6a44</run_address>
         <size>0x1a</size>
         <input_file_ref idref="fl-18"/>
      </object_component>
      <object_component id="oc-72b">
         <name>.text:copysign</name>
         <load_address>0x6a5e</load_address>
         <run_address>0x6a5e</run_address>
         <size>0x1a</size>
         <input_file_ref idref="fl-100"/>
      </object_component>
      <object_component id="oc-233">
         <name>.text:Application_updateCommunications</name>
         <load_address>0x6a78</load_address>
         <run_address>0x6a78</run_address>
         <size>0x18</size>
         <input_file_ref idref="fl-2"/>
      </object_component>
      <object_component id="oc-53e">
         <name>.text:_outc</name>
         <load_address>0x6a90</load_address>
         <run_address>0x6a90</run_address>
         <size>0x18</size>
         <input_file_ref idref="fl-de"/>
      </object_component>
      <object_component id="oc-494">
         <name>.text:_outs</name>
         <load_address>0x6aa8</load_address>
         <run_address>0x6aa8</run_address>
         <size>0x18</size>
         <input_file_ref idref="fl-df"/>
      </object_component>
      <object_component id="oc-325">
         <name>.text</name>
         <load_address>0x6ac0</load_address>
         <run_address>0x6ac0</run_address>
         <size>0x18</size>
         <input_file_ref idref="fl-e2"/>
      </object_component>
      <object_component id="oc-570">
         <name>.text:EUSCI_A_SPI_enable</name>
         <load_address>0x6ad8</load_address>
         <run_address>0x6ad8</run_address>
         <size>0x16</size>
         <input_file_ref idref="fl-23"/>
      </object_component>
      <object_component id="oc-576">
         <name>.text:EUSCI_B_SPI_enable</name>
         <load_address>0x6aee</load_address>
         <run_address>0x6aee</run_address>
         <size>0x16</size>
         <input_file_ref idref="fl-23"/>
      </object_component>
      <object_component id="oc-1d1">
         <name>.text:Graphics_setForegroundColor</name>
         <load_address>0x6b04</load_address>
         <run_address>0x6b04</run_address>
         <size>0x16</size>
         <input_file_ref idref="fl-18"/>
      </object_component>
      <object_component id="oc-335">
         <name>.text:Graphics_translateColorOnDisplay</name>
         <load_address>0x6b1a</load_address>
         <run_address>0x6b1a</run_address>
         <size>0x16</size>
         <input_file_ref idref="fl-19"/>
      </object_component>
      <object_component id="oc-6bf">
         <name>.text:strchr</name>
         <load_address>0x6b30</load_address>
         <run_address>0x6b30</run_address>
         <size>0x16</size>
         <input_file_ref idref="fl-fb"/>
      </object_component>
      <object_component id="oc-f2">
         <name>.text:InitNonBlockingLED</name>
         <load_address>0x6b46</load_address>
         <run_address>0x6b46</run_address>
         <size>0x14</size>
         <input_file_ref idref="fl-2"/>
      </object_component>
      <object_component id="oc-b9">
         <name>.text:Timer32_clearInterruptFlag</name>
         <load_address>0x6b5a</load_address>
         <run_address>0x6b5a</run_address>
         <size>0x14</size>
         <input_file_ref idref="fl-26"/>
      </object_component>
      <object_component id="oc-589">
         <name>.text:strlen</name>
         <load_address>0x6b6e</load_address>
         <run_address>0x6b6e</run_address>
         <size>0x14</size>
         <input_file_ref idref="fl-fc"/>
      </object_component>
      <object_component id="oc-1dd">
         <name>.text:Graphics_clearDisplay</name>
         <load_address>0x6b82</load_address>
         <run_address>0x6b82</run_address>
         <size>0x12</size>
         <input_file_ref idref="fl-18"/>
      </object_component>
      <object_component id="oc-5be">
         <name>.text:wcslen</name>
         <load_address>0x6b94</load_address>
         <run_address>0x6b94</run_address>
         <size>0x12</size>
         <input_file_ref idref="fl-101"/>
      </object_component>
      <object_component id="oc-477">
         <name>.text:ADCIsConversionRunning</name>
         <load_address>0x6ba8</load_address>
         <run_address>0x6ba8</run_address>
         <size>0x10</size>
         <input_file_ref idref="fl-1e"/>
      </object_component>
      <object_component id="oc-169">
         <name>.text:Interrupt_disableMaster</name>
         <load_address>0x6bb8</load_address>
         <run_address>0x6bb8</run_address>
         <size>0x10</size>
         <input_file_ref idref="fl-22"/>
      </object_component>
      <object_component id="oc-193">
         <name>.text:Interrupt_enableMaster</name>
         <load_address>0x6bc8</load_address>
         <run_address>0x6bc8</run_address>
         <size>0x10</size>
         <input_file_ref idref="fl-22"/>
      </object_component>
      <object_component id="oc-22d">
         <name>.text:Button_isTapped</name>
         <load_address>0x6bd8</load_address>
         <run_address>0x6bd8</run_address>
         <size>0xe</size>
         <input_file_ref idref="fl-4"/>
      </object_component>
      <object_component id="oc-32b">
         <name>.text:Timer32_getValue</name>
         <load_address>0x6be6</load_address>
         <run_address>0x6be6</run_address>
         <size>0xe</size>
         <input_file_ref idref="fl-26"/>
      </object_component>
      <object_component id="oc-1d">
         <name>.text:decompress:none:__TI_decompress_none</name>
         <load_address>0x6bf4</load_address>
         <run_address>0x6bf4</run_address>
         <size>0xe</size>
         <input_file_ref idref="fl-e7"/>
      </object_component>
      <object_component id="oc-344">
         <name>.text:ADC14_enableModule</name>
         <load_address>0x6c04</load_address>
         <run_address>0x6c04</run_address>
         <size>0xc</size>
         <input_file_ref idref="fl-1e"/>
      </object_component>
      <object_component id="oc-2c5">
         <name>.text:CPU_cpsid</name>
         <load_address>0x6c10</load_address>
         <run_address>0x6c10</run_address>
         <size>0xc</size>
         <input_file_ref idref="fl-28"/>
      </object_component>
      <object_component id="oc-2ea">
         <name>.text:CPU_cpsie</name>
         <load_address>0x6c1c</load_address>
         <run_address>0x6c1c</run_address>
         <size>0xc</size>
         <input_file_ref idref="fl-28"/>
      </object_component>
      <object_component id="oc-67">
         <name>.text:Reset_Handler</name>
         <load_address>0x6c28</load_address>
         <run_address>0x6c28</run_address>
         <size>0xc</size>
         <input_file_ref idref="fl-c"/>
      </object_component>
      <object_component id="oc-1ef">
         <name>.text:startADC</name>
         <load_address>0x6c34</load_address>
         <run_address>0x6c34</run_address>
         <size>0xc</size>
         <input_file_ref idref="fl-9"/>
      </object_component>
      <object_component id="oc-3aa">
         <name>.text:Crystalfontz128x128_Flush</name>
         <load_address>0x6c40</load_address>
         <run_address>0x6c40</run_address>
         <size>0xa</size>
         <input_file_ref idref="fl-a"/>
      </object_component>
      <object_component id="oc-49a">
         <name>.text:_outc</name>
         <load_address>0x6c4a</load_address>
         <run_address>0x6c4a</run_address>
         <size>0xa</size>
         <input_file_ref idref="fl-df"/>
      </object_component>
      <object_component id="oc-5c4">
         <name>.text:__aeabi_errno_addr</name>
         <load_address>0x6c54</load_address>
         <run_address>0x6c54</run_address>
         <size>0x8</size>
         <input_file_ref idref="fl-fd"/>
      </object_component>
      <object_component id="oc-99">
         <name>.text:_system_pre_init</name>
         <load_address>0x6c5c</load_address>
         <run_address>0x6c5c</run_address>
         <size>0x4</size>
         <input_file_ref idref="fl-f2"/>
      </object_component>
      <object_component id="oc-11a">
         <name>.text:abort:abort</name>
         <load_address>0x6c60</load_address>
         <run_address>0x6c60</run_address>
         <size>0x4</size>
         <input_file_ref idref="fl-f4"/>
      </object_component>
      <object_component id="oc-3b8">
         <name>.const:.string:g_pucFontFixed6x8Data</name>
         <load_address>0x6c64</load_address>
         <run_address>0x6c64</run_address>
         <size>0x2f8</size>
         <input_file_ref idref="fl-1a"/>
      </object_component>
      <object_component id="oc-66d">
         <name>.const:.string:_ctypes_</name>
         <load_address>0x6f5c</load_address>
         <run_address>0x6f5c</run_address>
         <size>0x101</size>
         <input_file_ref idref="fl-f9"/>
      </object_component>
      <object_component id="oc-201">
         <name>.const:g_sFontFixed6x8</name>
         <load_address>0x7060</load_address>
         <run_address>0x7060</run_address>
         <size>0xc8</size>
         <input_file_ref idref="fl-1a"/>
      </object_component>
      <object_component id="oc-484">
         <name>.const:_ctlRegs</name>
         <load_address>0x7128</load_address>
         <run_address>0x7128</run_address>
         <size>0x80</size>
         <input_file_ref idref="fl-1e"/>
      </object_component>
      <object_component id="oc-3be">
         <name>.const:GPIO_PORT_TO_BASE</name>
         <load_address>0x71a8</load_address>
         <run_address>0x71a8</run_address>
         <size>0x30</size>
         <input_file_ref idref="fl-21"/>
      </object_component>
      <object_component id="oc-1fe">
         <name>.const:g_sCrystalfontz128x128_funcs</name>
         <load_address>0x71d8</load_address>
         <run_address>0x71d8</run_address>
         <size>0x20</size>
         <input_file_ref idref="fl-a"/>
      </object_component>
      <object_component id="oc-456">
         <name>.const:$P$T0$1</name>
         <load_address>0x71f8</load_address>
         <run_address>0x71f8</run_address>
         <size>0x1c</size>
         <input_file_ref idref="fl-b"/>
      </object_component>
      <object_component id="oc-3f3">
         <name>.const:$P$T0$1</name>
         <load_address>0x7214</load_address>
         <run_address>0x7214</run_address>
         <size>0x1c</size>
         <input_file_ref idref="fl-2"/>
      </object_component>
      <object_component id="oc-4b6">
         <name>.const:$P$T0$1</name>
         <load_address>0x7230</load_address>
         <run_address>0x7230</run_address>
         <size>0x8</size>
         <input_file_ref idref="fl-a"/>
      </object_component>
      <object_component id="oc-2f1">
         <name>.const:g_pulEnRegs</name>
         <load_address>0x7238</load_address>
         <run_address>0x7238</run_address>
         <size>0x8</size>
         <input_file_ref idref="fl-22"/>
      </object_component>
      <object_component id="oc-798">
         <name>.cinit..data.load</name>
         <load_address>0x7240</load_address>
         <run_address>0x7240</run_address>
         <size>0xd</size>
      </object_component>
      <object_component id="oc-796">
         <name>__TI_handler_table</name>
         <load_address>0x7250</load_address>
         <run_address>0x7250</run_address>
         <size>0xc</size>
      </object_component>
      <object_component id="oc-799">
         <name>.cinit..bss.load</name>
         <load_address>0x7260</load_address>
         <run_address>0x7260</run_address>
         <size>0x8</size>
      </object_component>
      <object_component id="oc-797">
         <name>__TI_cinit_table</name>
         <load_address>0x7268</load_address>
         <run_address>0x7268</run_address>
         <size>0x10</size>
      </object_component>
      <object_component id="oc-76a">
         <name>.binit</name>
         <load_address>0x0</load_address>
         <run_address>0x0</run_address>
         <size>0x0</size>
      </object_component>
      <object_component id="oc-bf">
         <name>.data</name>
         <load_address>0x20000010</load_address>
         <run_address>0x20000010</run_address>
         <size>0x8</size>
         <input_file_ref idref="fl-8"/>
      </object_component>
      <object_component id="oc-1fb">
         <name>.data:g_sCrystalfontz128x128</name>
         <load_address>0x20000000</load_address>
         <run_address>0x20000000</run_address>
         <size>0x10</size>
         <input_file_ref idref="fl-a"/>
      </object_component>
      <object_component id="oc-6cf">
         <name>.data</name>
         <load_address>0x20000018</load_address>
         <run_address>0x20000018</run_address>
         <size>0x4</size>
         <input_file_ref idref="fl-fd"/>
      </object_component>
      <object_component id="oc-31e">
         <name>.common:Lcd_Orientation</name>
         <uninitialized>true</uninitialized>
         <run_address>0x20000024</run_address>
         <size>0x1</size>
      </object_component>
      <object_component id="oc-315">
         <name>.common:Lcd_ScreenWidth</name>
         <uninitialized>true</uninitialized>
         <run_address>0x2000001e</run_address>
         <size>0x2</size>
      </object_component>
      <object_component id="oc-318">
         <name>.common:Lcd_ScreenHeigth</name>
         <uninitialized>true</uninitialized>
         <run_address>0x2000001c</run_address>
         <size>0x2</size>
      </object_component>
      <object_component id="oc-319">
         <name>.common:Lcd_PenSolid</name>
         <uninitialized>true</uninitialized>
         <run_address>0x20000025</run_address>
         <size>0x1</size>
      </object_component>
      <object_component id="oc-31a">
         <name>.common:Lcd_FontSolid</name>
         <uninitialized>true</uninitialized>
         <run_address>0x20000023</run_address>
         <size>0x1</size>
      </object_component>
      <object_component id="oc-31b">
         <name>.common:Lcd_FlagRead</name>
         <uninitialized>true</uninitialized>
         <run_address>0x20000022</run_address>
         <size>0x1</size>
      </object_component>
      <object_component id="oc-31c">
         <name>.common:Lcd_TouchTrim</name>
         <uninitialized>true</uninitialized>
         <run_address>0x20000020</run_address>
         <size>0x2</size>
      </object_component>
      <object_component id="oc-29">
         <name>.stack</name>
         <uninitialized>true</uninitialized>
         <run_address>0x2000fe00</run_address>
         <size>0x4</size>
         <input_file_ref idref="fl-e9"/>
      </object_component>
      <object_component id="oc-79b">
         <name>.stack</name>
         <uninitialized>true</uninitialized>
         <run_address>0x2000fe00</run_address>
         <size>0x0</size>
      </object_component>
      <object_component id="oc-167">
         <name>.debug_info</name>
         <load_address>0x0</load_address>
         <run_address>0x0</run_address>
         <size>0xf3b</size>
         <input_file_ref idref="fl-2"/>
      </object_component>
      <object_component id="oc-3f4">
         <name>.debug_info</name>
         <load_address>0xf3b</load_address>
         <run_address>0xf3b</run_address>
         <size>0x10f</size>
         <input_file_ref idref="fl-2"/>
      </object_component>
      <object_component id="oc-f3">
         <name>.debug_info</name>
         <load_address>0x104a</load_address>
         <run_address>0x104a</run_address>
         <size>0x19f</size>
         <input_file_ref idref="fl-2"/>
      </object_component>
      <object_component id="oc-f9">
         <name>.debug_info</name>
         <load_address>0x11e9</load_address>
         <run_address>0x11e9</run_address>
         <size>0x1b1</size>
         <input_file_ref idref="fl-2"/>
      </object_component>
      <object_component id="oc-a0">
         <name>.debug_info</name>
         <load_address>0x139a</load_address>
         <run_address>0x139a</run_address>
         <size>0x217</size>
         <input_file_ref idref="fl-2"/>
      </object_component>
      <object_component id="oc-3e1">
         <name>.debug_info</name>
         <load_address>0x15b1</load_address>
         <run_address>0x15b1</run_address>
         <size>0x1b3</size>
         <input_file_ref idref="fl-2"/>
      </object_component>
      <object_component id="oc-3e7">
         <name>.debug_info</name>
         <load_address>0x1764</load_address>
         <run_address>0x1764</run_address>
         <size>0x1b3</size>
         <input_file_ref idref="fl-2"/>
      </object_component>
      <object_component id="oc-ed">
         <name>.debug_info</name>
         <load_address>0x1917</load_address>
         <run_address>0x1917</run_address>
         <size>0x2db</size>
         <input_file_ref idref="fl-2"/>
      </object_component>
      <object_component id="oc-105">
         <name>.debug_info</name>
         <load_address>0x1bf2</load_address>
         <run_address>0x1bf2</run_address>
         <size>0x2c1</size>
         <input_file_ref idref="fl-2"/>
      </object_component>
      <object_component id="oc-234">
         <name>.debug_info</name>
         <load_address>0x1eb3</load_address>
         <run_address>0x1eb3</run_address>
         <size>0x1c5</size>
         <input_file_ref idref="fl-2"/>
      </object_component>
      <object_component id="oc-246">
         <name>.debug_info</name>
         <load_address>0x2078</load_address>
         <run_address>0x2078</run_address>
         <size>0x281</size>
         <input_file_ref idref="fl-2"/>
      </object_component>
      <object_component id="oc-240">
         <name>.debug_info</name>
         <load_address>0x22f9</load_address>
         <run_address>0x22f9</run_address>
         <size>0x2e9</size>
         <input_file_ref idref="fl-2"/>
      </object_component>
      <object_component id="oc-1f6">
         <name>.debug_info</name>
         <load_address>0x25e2</load_address>
         <run_address>0x25e2</run_address>
         <size>0x28f</size>
         <input_file_ref idref="fl-2"/>
      </object_component>
      <object_component id="oc-24c">
         <name>.debug_info</name>
         <load_address>0x2871</load_address>
         <run_address>0x2871</run_address>
         <size>0x316</size>
         <input_file_ref idref="fl-2"/>
      </object_component>
      <object_component id="oc-252">
         <name>.debug_info</name>
         <load_address>0x2b87</load_address>
         <run_address>0x2b87</run_address>
         <size>0x383</size>
         <input_file_ref idref="fl-2"/>
      </object_component>
      <object_component id="oc-264">
         <name>.debug_info</name>
         <load_address>0x2f0a</load_address>
         <run_address>0x2f0a</run_address>
         <size>0x2a6</size>
         <input_file_ref idref="fl-2"/>
      </object_component>
      <object_component id="oc-258">
         <name>.debug_info</name>
         <load_address>0x31b0</load_address>
         <run_address>0x31b0</run_address>
         <size>0x1f6</size>
         <input_file_ref idref="fl-2"/>
      </object_component>
      <object_component id="oc-60b">
         <name>.debug_info</name>
         <load_address>0x33a6</load_address>
         <run_address>0x33a6</run_address>
         <size>0x191</size>
         <input_file_ref idref="fl-2"/>
      </object_component>
      <object_component id="oc-500">
         <name>.debug_info</name>
         <load_address>0x3537</load_address>
         <run_address>0x3537</run_address>
         <size>0x2b7</size>
         <input_file_ref idref="fl-2"/>
      </object_component>
      <object_component id="oc-25e">
         <name>.debug_info</name>
         <load_address>0x37ee</load_address>
         <run_address>0x37ee</run_address>
         <size>0x237</size>
         <input_file_ref idref="fl-2"/>
      </object_component>
      <object_component id="oc-4e8">
         <name>.debug_info</name>
         <load_address>0x3a25</load_address>
         <run_address>0x3a25</run_address>
         <size>0x183</size>
         <input_file_ref idref="fl-2"/>
      </object_component>
      <object_component id="oc-3ed">
         <name>.debug_info</name>
         <load_address>0x3ba8</load_address>
         <run_address>0x3ba8</run_address>
         <size>0x379</size>
         <input_file_ref idref="fl-2"/>
      </object_component>
      <object_component id="oc-524">
         <name>.debug_info</name>
         <load_address>0x3f21</load_address>
         <run_address>0x3f21</run_address>
         <size>0x225</size>
         <input_file_ref idref="fl-2"/>
      </object_component>
[...]
      </symbol>
      <symbol id="sm-75c">
         <name>ADC14_enableModule</name>
         <value>0x6c05</value>
         <object_component_ref idref="oc-344"/>
      </symbol>
      <symbol id="sm-75d">
         <name>ADC14_getResult</name>
         <value>0x67f1</value>
         <object_component_ref idref="oc-6ed"/>
      </symbol>
      <symbol id="sm-7c7">
         <name>CS_setDCOFrequency</name>
         <value>0x2549</value>
         <object_component_ref idref="oc-175"/>
      </symbol>
      <symbol id="sm-7c8">
         <name>CS_setDCOCenteredFrequency</name>
         <value>0x64d1</value>
         <object_component_ref idref="oc-2d3"/>
      </symbol>
      <symbol id="sm-7c9">
         <name>CS_tuneDCOFrequency</name>
         <value>0x5139</value>
         <object_component_ref idref="oc-2d9"/>
      </symbol>
      <symbol id="sm-7ca">
         <name>CS_initClockSignal</name>
         <value>0x3499</value>
         <object_component_ref idref="oc-17b"/>
      </symbol>
      <symbol id="sm-7d9">
         <name>FlashCtl_setWaitState</name>
         <value>0x5fcd</value>
         <object_component_ref idref="oc-16f"/>
      </symbol>
      <symbol id="sm-837">
         <name>GPIO_setOutputHighOnPin</name>
         <value>0x6841</value>
         <object_component_ref idref="oc-21e"/>
      </symbol>
      <symbol id="sm-838">
         <name>GPIO_setAsInputPinWithPullUpResistor</name>
         <value>0x5ba5</value>
         <object_component_ref idref="oc-20b"/>
      </symbol>
      <symbol id="sm-839">
         <name>GPIO_setAsOutputPin</name>
         <value>0x6241</value>
         <object_component_ref idref="oc-205"/>
      </symbol>
      <symbol id="sm-83a">
         <name>GPIO_setOutputLowOnPin</name>
         <value>0x6869</value>
         <object_component_ref idref="oc-212"/>
      </symbol>
      <symbol id="sm-83b">
         <name>GPIO_setAsPeripheralModuleFunctionOutputPin</name>
         <value>0x5249</value>
         <object_component_ref idref="oc-443"/>
      </symbol>
      <symbol id="sm-83c">
         <name>GPIO_getInputPinValue</name>
         <value>0x65a1</value>
         <object_component_ref idref="oc-218"/>
      </symbol>
      <symbol id="sm-83d">
         <name>GPIO_setAsPeripheralModuleFunctionInputPin</name>
         <value>0x51c1</value>
         <object_component_ref idref="oc-363"/>
      </symbol>
      <symbol id="sm-86c">
         <name>Interrupt_disableMaster</name>
         <value>0x6bb9</value>
         <object_component_ref idref="oc-169"/>
      </symbol>
      <symbol id="sm-86d">
         <name>Interrupt_enableMaster</name>
         <value>0x6bc9</value>
         <object_component_ref idref="oc-193"/>
      </symbol>
      <symbol id="sm-86e">
         <name>Interrupt_enableInterrupt</name>
         <value>0x53dd</value>
         <object_component_ref idref="oc-199"/>
      </symbol>
      <symbol id="sm-8ad">
         <name>EUSCI_B_SPI_enable</name>
         <value>0x6aef</value>
         <object_component_ref idref="oc-576"/>
      </symbol>
      <symbol id="sm-8ae">
         <name>SPI_enableModule</name>
         <value>0x6987</value>
         <object_component_ref idref="oc-450"/>
      </symbol>
      <symbol id="sm-8af">
         <name>EUSCI_A_SPI_enable</name>
         <value>0x6ad9</value>
         <object_component_ref idref="oc-570"/>
      </symbol>
      <symbol id="sm-8b0">
         <name>SPI_initMaster</name>
         <value>0x48b3</value>
         <object_component_ref idref="oc-44a"/>
      </symbol>
      <symbol id="sm-8c7">
         <name>SysCtl_A_getTLVInfo</name>
         <value>0x4f89</value>
         <object_component_ref idref="oc-2cd"/>
      </symbol>
      <symbol id="sm-900">
         <name>Timer32_startTimer</name>
         <value>0x63f9</value>
         <object_component_ref idref="oc-18d"/>
      </symbol>
      <symbol id="sm-901">
         <name>Timer32_setCount</name>
         <value>0x6505</value>
         <object_component_ref idref="oc-187"/>
      </symbol>
      <symbol id="sm-902">
         <name>Timer32_getValue</name>
         <value>0x6be7</value>
         <object_component_ref idref="oc-32b"/>
      </symbol>
      <symbol id="sm-903">
         <name>Timer32_initModule</name>
         <value>0x588d</value>
         <object_component_ref idref="oc-181"/>
      </symbol>
      <symbol id="sm-904">
         <name>Timer32_clearInterruptFlag</name>
         <value>0x6b5b</value>
         <object_component_ref idref="oc-b9"/>
      </symbol>
      <symbol id="sm-910">
         <name>WDT_A_holdTimer</name>
         <value>0x6905</value>
         <object_component_ref idref="oc-da"/>
      </symbol>
      <symbol id="sm-922">
         <name>CPU_cpsie</name>
         <value>0x6c1d</value>
         <object_component_ref idref="oc-2ea"/>
      </symbol>
      <symbol id="sm-923">
         <name>CPU_cpsid</name>
         <value>0x6c11</value>
         <object_component_ref idref="oc-2c5"/>
      </symbol>
      <symbol id="sm-952">
         <name>snprintf</name>
         <value>0x5eed</value>
         <object_component_ref idref="oc-3f7"/>
      </symbol>
      <symbol id="sm-974">
         <name>sprintf</name>
         <value>0x6341</value>
         <object_component_ref idref="oc-377"/>
      </symbol>
      <symbol id="sm-996">
         <name>__aeabi_cdcmpeq</name>
         <value>0x52d1</value>
         <object_component_ref idref="oc-59b"/>
      </symbol>
      <symbol id="sm-997">
         <name>__aeabi_cdcmple</name>
         <value>0x52d1</value>
         <object_component_ref idref="oc-59b"/>
      </symbol>
      <symbol id="sm-998">
         <name>__aeabi_cdrcmple</name>
         <value>0x5357</value>
         <object_component_ref idref="oc-67e"/>
      </symbol>
      <symbol id="sm-9ac">
         <name>__aeabi_ddiv</name>
         <value>0x322d</value>
         <object_component_ref idref="oc-679"/>
      </symbol>
      <symbol id="sm-9b5">
         <name>__aeabi_lmul</name>
         <value>0x6ac1</value>
         <object_component_ref idref="oc-325"/>
      </symbol>
      <symbol id="sm-9d0">
         <name>memcpy</name>
         <value>0x4dc1</value>
         <object_component_ref idref="oc-37"/>
      </symbol>
      <symbol id="sm-9d1">
         <name>__aeabi_memcpy</name>
         <value>0x4dc1</value>
         <object_component_ref idref="oc-37"/>
      </symbol>
      <symbol id="sm-9d2">
         <name>__aeabi_memcpy8</name>
         <value>0x4dc1</value>
         <object_component_ref idref="oc-37"/>
      </symbol>
      <symbol id="sm-9d3">
         <name>__aeabi_memcpy4</name>
         <value>0x4dc1</value>
         <object_component_ref idref="oc-37"/>
      </symbol>
      <symbol id="sm-9e1">
         <name>__aeabi_uldivmod</name>
         <value>0x4e5d</value>
         <object_component_ref idref="oc-320"/>
      </symbol>
      <symbol id="sm-9fa">
         <name>__TI_zero_init_nomemset</name>
         <value>0x69a3</value>
         <object_component_ref idref="oc-43"/>
      </symbol>
      <symbol id="sm-a11">
         <name>__TI_decompress_none</name>
         <value>0x6bf5</value>
         <object_component_ref idref="oc-1d"/>
      </symbol>
      <symbol id="sm-a34">
         <name>__TI_decompress_lzss</name>
         <value>0x58f5</value>
         <object_component_ref idref="oc-17"/>
      </symbol>
      <symbol id="sm-a47">
         <name>__stack</name>
         <value>0x2000fe00</value>
         <object_component_ref idref="oc-29"/>
      </symbol>
      <symbol id="sm-a48">
         <name>_c_int00_noargs</name>
         <value>0x6539</value>
         <object_component_ref idref="oc-55"/>
      </symbol>
      <symbol id="sm-bad">
         <name>__TI_printfi</name>
         <value>0xe5</value>
         <object_component_ref idref="oc-48e"/>
      </symbol>
      <symbol id="sm-bb7">
         <name>__aeabi_idiv0</name>
         <value>0x3363</value>
         <object_component_ref idref="oc-464"/>
      </symbol>
      <symbol id="sm-bb8">
         <name>__aeabi_ldiv0</name>
         <value>0x3363</value>
         <object_component_ref idref="oc-464"/>
      </symbol>
      <symbol id="sm-bcf">
         <name>__aeabi_dsub</name>
         <value>0x204f</value>
         <object_component_ref idref="oc-693"/>
      </symbol>
      <symbol id="sm-bd0">
         <name>__aeabi_dadd</name>
         <value>0x2059</value>
         <object_component_ref idref="oc-693"/>
      </symbol>
      <symbol id="sm-bdb">
         <name>__aeabi_dmul</name>
         <value>0x3c5d</value>
         <object_component_ref idref="oc-674"/>
      </symbol>
      <symbol id="sm-be5">
         <name>__aeabi_d2iz</name>
         <value>0x605d</value>
         <object_component_ref idref="oc-683"/>
      </symbol>
      <symbol id="sm-bef">
         <name>__aeabi_i2d</name>
         <value>0x66bf</value>
         <object_component_ref idref="oc-68e"/>
      </symbol>
      <symbol id="sm-bfe">
         <name>__aeabi_memset</name>
         <value>0x55d7</value>
         <object_component_ref idref="oc-93"/>
      </symbol>
      <symbol id="sm-bff">
         <name>memset</name>
         <value>0x55dd</value>
         <object_component_ref idref="oc-93"/>
      </symbol>
      <symbol id="sm-c00">
         <name>__aeabi_memset8</name>
         <value>0x55d7</value>
         <object_component_ref idref="oc-93"/>
      </symbol>
      <symbol id="sm-c01">
         <name>__aeabi_memset4</name>
         <value>0x55d7</value>
         <object_component_ref idref="oc-93"/>
      </symbol>
      <symbol id="sm-c02">
         <name>__aeabi_memclr8</name>
         <value>0x55d5</value>
         <object_component_ref idref="oc-93"/>
      </symbol>
      <symbol id="sm-c03">
         <name>__aeabi_memclr4</name>
         <value>0x55d5</value>
         <object_component_ref idref="oc-93"/>
      </symbol>
      <symbol id="sm-c04">
         <name>__aeabi_memclr</name>
         <value>0x55d5</value>
         <object_component_ref idref="oc-93"/>
      </symbol>
      <symbol id="sm-c2c">
         <name>__TI_auto_init_nobinit_nopinit</name>
         <value>0x61bd</value>
         <object_component_ref idref="oc-126"/>
      </symbol>
      <symbol id="sm-c36">
         <name>_system_pre_init</name>
         <value>0x6c5d</value>
         <object_component_ref idref="oc-99"/>
      </symbol>
      <symbol id="sm-c42">
         <name>C$$EXIT</name>
         <value>0x6c61</value>
         <object_component_ref idref="oc-11a"/>
      </symbol>
      <symbol id="sm-c43">
         <name>abort</name>
         <value>0x6c61</value>
         <object_component_ref idref="oc-11a"/>
      </symbol>
      <symbol id="sm-c53">
         <name>__TI_ltoa</name>
         <value>0x5da9</value>
         <object_component_ref idref="oc-688"/>
      </symbol>
      <symbol id="sm-c6a">
         <name>atoi</name>
         <value>0x5ea1</value>
         <object_component_ref idref="oc-58f"/>
      </symbol>
      <symbol id="sm-c75">
         <name>_ctypes_</name>
         <value>0x6f5c</value>
         <object_component_ref idref="oc-66d"/>
      </symbol>
      <symbol id="sm-c85">
         <name>memccpy</name>
         <value>0x69db</value>
         <object_component_ref idref="oc-5b8"/>
      </symbol>
      <symbol id="sm-c95">
         <name>strchr</name>
         <value>0x6b31</value>
         <object_component_ref idref="oc-6bf"/>
      </symbol>
      <symbol id="sm-ca3">
         <name>strlen</name>
         <value>0x6b6f</value>
         <object_component_ref idref="oc-589"/>
      </symbol>
      <symbol id="sm-cb9">
         <name>__aeabi_errno_addr</name>
         <value>0x6c55</value>
         <object_component_ref idref="oc-5c4"/>
      </symbol>
      <symbol id="sm-cba">
         <name>errno</name>
         <value>0x20000018</value>
         <object_component_ref idref="oc-6cf"/>
      </symbol>
      <symbol id="sm-cda">
         <name>frexpl</name>
         <value>0x5a25</value>
         <object_component_ref idref="oc-6b3"/>
      </symbol>
      <symbol id="sm-cdb">
         <name>frexp</name>
         <value>0x5a25</value>
         <object_component_ref idref="oc-6b3"/>
      </symbol>
      <symbol id="sm-cf8">
         <name>scalbn</name>
         <value>0x3b4d</value>
         <object_component_ref idref="oc-6b9"/>
      </symbol>
      <symbol id="sm-cf9">
         <name>scalbnl</name>
         <value>0x3b4d</value>
         <object_component_ref idref="oc-6b9"/>
      </symbol>
      <symbol id="sm-cfa">
         <name>ldexpl</name>
         <value>0x3b4d</value>
         <object_component_ref idref="oc-6b9"/>
      </symbol>
      <symbol id="sm-cfb">
         <name>ldexp</name>
         <value>0x3b4d</value>
         <object_component_ref idref="oc-6b9"/>
      </symbol>
      <symbol id="sm-d05">
         <name>copysign</name>
         <value>0x6a5f</value>
         <object_component_ref idref="oc-72b"/>
      </symbol>
      <symbol id="sm-d06">
         <name>copysignl</name>
         <value>0x6a5f</value>
         <object_component_ref idref="oc-72b"/>
      </symbol>
      <symbol id="sm-d1f">
         <name>wcslen</name>
         <value>0x6b95</value>
         <object_component_ref idref="oc-5be"/>
      </symbol>
      <symbol id="sm-d20">
         <name>__TI_static_base__</name>
         <value>0x0</value>
      </symbol>
      <symbol id="sm-d23">
         <name>__mpu_init</name>
         <value>0x0</value>
      </symbol>
      <symbol id="sm-d24">
         <name>_system_post_cinit</name>
         <value>0x0</value>
      </symbol>
      <symbol id="sm-d25">
         <name>NMI_Handler</name>
         <value>0x1cc3</value>
      </symbol>
      <symbol id="sm-d26">
         <name>HardFault_Handler</name>
         <value>0x1cc3</value>
      </symbol>
      <symbol id="sm-d27">
         <name>MemManage_Handler</name>
         <value>0x1cc3</value>
      </symbol>
      <symbol id="sm-d28">
         <name>BusFault_Handler</name>
         <value>0x1cc3</value>
      </symbol>
      <symbol id="sm-d29">
         <name>UsageFault_Handler</name>
         <value>0x1cc3</value>
      </symbol>
      <symbol id="sm-d2a">
         <name>SVC_Handler</name>
         <value>0x1cc3</value>
      </symbol>
      <symbol id="sm-d2b">
         <name>DebugMon_Handler</name>
         <value>0x1cc3</value>
      </symbol>
      <symbol id="sm-d2c">
         <name>PendSV_Handler</name>
         <value>0x1cc3</value>
      </symbol>
      <symbol id="sm-d2d">
         <name>SysTick_Handler</name>
         <value>0x1cc3</value>
      </symbol>
      <symbol id="sm-d2e">
         <name>PSS_IRQHandler</name>
         <value>0x1cc3</value>
      </symbol>
      <symbol id="sm-d2f">
         <name>CS_IRQHandler</name>
         <value>0x1cc3</value>
      </symbol>
      <symbol id="sm-d30">
         <name>PCM_IRQHandler</name>
         <value>0x1cc3</value>
      </symbol>
      <symbol id="sm-d31">
         <name>WDT_A_IRQHandler</name>
         <value>0x1cc3</value>
      </symbol>
      <symbol id="sm-d32">
         <name>FPU_IRQHandler</name>
         <value>0x1cc3</value>
      </symbol>
      <symbol id="sm-d33">
         <name>FLCTL_IRQHandler</name>
         <value>0x1cc3</value>
      </symbol>
      <symbol id="sm-d34">
         <name>COMP_E0_IRQHandler</name>
         <value>0x1cc3</value>
      </symbol>
      <symbol id="sm-d35">
         <name>COMP_E1_IRQHandler</name>
         <value>0x1cc3</value>
      </symbol>
      <symbol id="sm-d36">
         <name>TA0_0_IRQHandler</name>
         <value>0x1cc3</value>
      </symbol>
      <symbol id="sm-d37">
         <name>TA0_N_IRQHandler</name>
         <value>0x1cc3</value>
      </symbol>
      <symbol id="sm-d38">
         <name>TA1_0_IRQHandler</name>
         <value>0x1cc3</value>
      </symbol>
      <symbol id="sm-d39">
         <name>TA1_N_IRQHandler</name>
         <value>0x1cc3</value>
      </symbol>
      <symbol id="sm-d3a">
         <name>TA2_0_IRQHandler</name>
         <value>0x1cc3</value>
      </symbol>
      <symbol id="sm-d3b">
         <name>TA2_N_IRQHandler</name>
         <value>0x1cc3</value>
      </symbol>
      <symbol id="sm-d3c">
         <name>TA3_0_IRQHandler</name>
         <value>0x1cc3</value>
      </symbol>
      <symbol id="sm-d3d">
         <name>TA3_N_IRQHandler</name>
         <value>0x1cc3</value>
      </symbol>
      <symbol id="sm-d3e">
         <name>EUSCIA0_IRQHandler</name>
         <value>0x1cc3</value>
      </symbol>
      <symbol id="sm-d3f">
         <name>EUSCIA1_IRQHandler</name>
         <value>0x1cc3</value>
      </symbol>
      <symbol id="sm-d40">
         <name>EUSCIA2_IRQHandler</name>
         <value>0x1cc3</value>
      </symbol>
      <symbol id="sm-d41">
         <name>EUSCIA3_IRQHandler</name>
         <value>0x1cc3</value>
      </symbol>
      <symbol id="sm-d42">
         <name>EUSCIB0_IRQHandler</name>
         <value>0x1cc3</value>
      </symbol>
      <symbol id="sm-d43">
         <name>EUSCIB1_IRQHandler</name>
         <value>0x1cc3</value>
      </symbol>
      <symbol id="sm-d44">
         <name>EUSCIB2_IRQHandler</name>
         <value>0x1cc3</value>
      </symbol>
      <symbol id="sm-d45">
         <name>EUSCIB3_IRQHandler</name>
         <value>0x1cc3</value>
      </symbol>
      <symbol id="sm-d46">
         <name>ADC14_IRQHandler</name>
         <value>0x1cc3</value>
      </symbol>
      <symbol id="sm-d47">
         <name>T32_INT1_IRQHandler</name>
         <value>0x6891</value>
      </symbol>
      <symbol id="sm-d48">
         <name>T32_INT2_IRQHandler</name>
         <value>0x1cc3</value>
      </symbol>
      <symbol id="sm-d49">
         <name>T32_INTC_IRQHandler</name>
         <value>0x1cc3</value>
      </symbol>
      <symbol id="sm-d4a">
         <name>AES256_IRQHandler</name>
         <value>0x1cc3</value>
      </symbol>
      <symbol id="sm-d4b">
         <name>RTC_C_IRQHandler</name>
         <value>0x1cc3</value>
      </symbol>
      <symbol id="sm-d4c">
         <name>DMA_ERR_IRQHandler</name>
         <value>0x1cc3</value>
      </symbol>
      <symbol id="sm-d4d">
         <name>DMA_INT3_IRQHandler</name>
         <value>0x1cc3</value>
      </symbol>
      <symbol id="sm-d4e">
         <name>DMA_INT2_IRQHandler</name>
         <value>0x1cc3</value>
      </symbol>
      <symbol id="sm-d4f">
         <name>DMA_INT1_IRQHandler</name>
         <value>0x1cc3</value>
      </symbol>
      <symbol id="sm-d50">
         <name>DMA_INT0_IRQHandler</name>
         <value>0x1cc3</value>
      </symbol>
      <symbol id="sm-d51">
         <name>PORT1_IRQHandler</name>
         <value>0x1cc3</value>
      </symbol>
      <symbol id="sm-d52">
         <name>PORT2_IRQHandler</name>
         <value>0x1cc3</value>
      </symbol>
      <symbol id="sm-d53">
         <name>PORT3_IRQHandler</name>
         <value>0x1cc3</value>
      </symbol>
      <symbol id="sm-d54">
         <name>PORT4_IRQHandler</name>
         <value>0x1cc3</value>
      </symbol>
      <symbol id="sm-d55">
         <name>PORT5_IRQHandler</name>
         <value>0x1cc3</value>
      </symbol>
      <symbol id="sm-d56">
         <name>PORT6_IRQHandler</name>
         <value>0x1cc3</value>
      </symbol>
   </symbol_table>
   <title>Link successful</title>
</link_info>
